// Vitest Snapshot v1, https://vitest.dev/guide/snapshot.html

exports[`unit:tokenize/constructs/characterClass > should tokenize character classes ("[:alnum:]") 1`] = `
[
  [
    "enter",
    {
      "end": {
        "_bufferIndex": -1,
        "_index": 1,
        "column": 10,
        "line": 1,
        "offset": 9,
      },
      "start": {
        "_bufferIndex": 0,
        "_index": 0,
        "column": 1,
        "line": 1,
        "offset": 0,
      },
      "type": "characterClass",
    },
  ],
  [
    "enter",
    {
      "end": {
        "_bufferIndex": 7,
        "_index": 0,
        "column": 8,
        "line": 1,
        "offset": 7,
      },
      "start": {
        "_bufferIndex": 2,
        "_index": 0,
        "column": 3,
        "line": 1,
        "offset": 2,
      },
      "type": "characterClassValue",
      "value": "alnum",
    },
  ],
  [
    "exit",
    {
      "end": {
        "_bufferIndex": 7,
        "_index": 0,
        "column": 8,
        "line": 1,
        "offset": 7,
      },
      "start": {
        "_bufferIndex": 2,
        "_index": 0,
        "column": 3,
        "line": 1,
        "offset": 2,
      },
      "type": "characterClassValue",
      "value": "alnum",
    },
  ],
  [
    "exit",
    {
      "end": {
        "_bufferIndex": -1,
        "_index": 1,
        "column": 10,
        "line": 1,
        "offset": 9,
      },
      "start": {
        "_bufferIndex": 0,
        "_index": 0,
        "column": 1,
        "line": 1,
        "offset": 0,
      },
      "type": "characterClass",
    },
  ],
]
`;

exports[`unit:tokenize/constructs/characterClass > should tokenize character classes ("[:alpha:]") 1`] = `
[
  [
    "enter",
    {
      "end": {
        "_bufferIndex": -1,
        "_index": 1,
        "column": 10,
        "line": 1,
        "offset": 9,
      },
      "start": {
        "_bufferIndex": 0,
        "_index": 0,
        "column": 1,
        "line": 1,
        "offset": 0,
      },
      "type": "characterClass",
    },
  ],
  [
    "enter",
    {
      "end": {
        "_bufferIndex": 7,
        "_index": 0,
        "column": 8,
        "line": 1,
        "offset": 7,
      },
      "start": {
        "_bufferIndex": 2,
        "_index": 0,
        "column": 3,
        "line": 1,
        "offset": 2,
      },
      "type": "characterClassValue",
      "value": "alpha",
    },
  ],
  [
    "exit",
    {
      "end": {
        "_bufferIndex": 7,
        "_index": 0,
        "column": 8,
        "line": 1,
        "offset": 7,
      },
      "start": {
        "_bufferIndex": 2,
        "_index": 0,
        "column": 3,
        "line": 1,
        "offset": 2,
      },
      "type": "characterClassValue",
      "value": "alpha",
    },
  ],
  [
    "exit",
    {
      "end": {
        "_bufferIndex": -1,
        "_index": 1,
        "column": 10,
        "line": 1,
        "offset": 9,
      },
      "start": {
        "_bufferIndex": 0,
        "_index": 0,
        "column": 1,
        "line": 1,
        "offset": 0,
      },
      "type": "characterClass",
    },
  ],
]
`;

exports[`unit:tokenize/constructs/characterClass > should tokenize character classes ("[:ascii:]") 1`] = `
[
  [
    "enter",
    {
      "end": {
        "_bufferIndex": -1,
        "_index": 1,
        "column": 10,
        "line": 1,
        "offset": 9,
      },
      "start": {
        "_bufferIndex": 0,
        "_index": 0,
        "column": 1,
        "line": 1,
        "offset": 0,
      },
      "type": "characterClass",
    },
  ],
  [
    "enter",
    {
      "end": {
        "_bufferIndex": 7,
        "_index": 0,
        "column": 8,
        "line": 1,
        "offset": 7,
      },
      "start": {
        "_bufferIndex": 2,
        "_index": 0,
        "column": 3,
        "line": 1,
        "offset": 2,
      },
      "type": "characterClassValue",
      "value": "ascii",
    },
  ],
  [
    "exit",
    {
      "end": {
        "_bufferIndex": 7,
        "_index": 0,
        "column": 8,
        "line": 1,
        "offset": 7,
      },
      "start": {
        "_bufferIndex": 2,
        "_index": 0,
        "column": 3,
        "line": 1,
        "offset": 2,
      },
      "type": "characterClassValue",
      "value": "ascii",
    },
  ],
  [
    "exit",
    {
      "end": {
        "_bufferIndex": -1,
        "_index": 1,
        "column": 10,
        "line": 1,
        "offset": 9,
      },
      "start": {
        "_bufferIndex": 0,
        "_index": 0,
        "column": 1,
        "line": 1,
        "offset": 0,
      },
      "type": "characterClass",
    },
  ],
]
`;

exports[`unit:tokenize/constructs/characterClass > should tokenize character classes ("[:blank:]") 1`] = `
[
  [
    "enter",
    {
      "end": {
        "_bufferIndex": -1,
        "_index": 1,
        "column": 10,
        "line": 1,
        "offset": 9,
      },
      "start": {
        "_bufferIndex": 0,
        "_index": 0,
        "column": 1,
        "line": 1,
        "offset": 0,
      },
      "type": "characterClass",
    },
  ],
  [
    "enter",
    {
      "end": {
        "_bufferIndex": 7,
        "_index": 0,
        "column": 8,
        "line": 1,
        "offset": 7,
      },
      "start": {
        "_bufferIndex": 2,
        "_index": 0,
        "column": 3,
        "line": 1,
        "offset": 2,
      },
      "type": "characterClassValue",
      "value": "blank",
    },
  ],
  [
    "exit",
    {
      "end": {
        "_bufferIndex": 7,
        "_index": 0,
        "column": 8,
        "line": 1,
        "offset": 7,
      },
      "start": {
        "_bufferIndex": 2,
        "_index": 0,
        "column": 3,
        "line": 1,
        "offset": 2,
      },
      "type": "characterClassValue",
      "value": "blank",
    },
  ],
  [
    "exit",
    {
      "end": {
        "_bufferIndex": -1,
        "_index": 1,
        "column": 10,
        "line": 1,
        "offset": 9,
      },
      "start": {
        "_bufferIndex": 0,
        "_index": 0,
        "column": 1,
        "line": 1,
        "offset": 0,
      },
      "type": "characterClass",
    },
  ],
]
`;

exports[`unit:tokenize/constructs/characterClass > should tokenize character classes ("[:cntrl:]") 1`] = `
[
  [
    "enter",
    {
      "end": {
        "_bufferIndex": -1,
        "_index": 1,
        "column": 10,
        "line": 1,
        "offset": 9,
      },
      "start": {
        "_bufferIndex": 0,
        "_index": 0,
        "column": 1,
        "line": 1,
        "offset": 0,
      },
      "type": "characterClass",
    },
  ],
  [
    "enter",
    {
      "end": {
        "_bufferIndex": 7,
        "_index": 0,
        "column": 8,
        "line": 1,
        "offset": 7,
      },
      "start": {
        "_bufferIndex": 2,
        "_index": 0,
        "column": 3,
        "line": 1,
        "offset": 2,
      },
      "type": "characterClassValue",
      "value": "cntrl",
    },
  ],
  [
    "exit",
    {
      "end": {
        "_bufferIndex": 7,
        "_index": 0,
        "column": 8,
        "line": 1,
        "offset": 7,
      },
      "start": {
        "_bufferIndex": 2,
        "_index": 0,
        "column": 3,
        "line": 1,
        "offset": 2,
      },
      "type": "characterClassValue",
      "value": "cntrl",
    },
  ],
  [
    "exit",
    {
      "end": {
        "_bufferIndex": -1,
        "_index": 1,
        "column": 10,
        "line": 1,
        "offset": 9,
      },
      "start": {
        "_bufferIndex": 0,
        "_index": 0,
        "column": 1,
        "line": 1,
        "offset": 0,
      },
      "type": "characterClass",
    },
  ],
]
`;

exports[`unit:tokenize/constructs/characterClass > should tokenize character classes ("[:digit:]") 1`] = `
[
  [
    "enter",
    {
      "end": {
        "_bufferIndex": -1,
        "_index": 1,
        "column": 10,
        "line": 1,
        "offset": 9,
      },
      "start": {
        "_bufferIndex": 0,
        "_index": 0,
        "column": 1,
        "line": 1,
        "offset": 0,
      },
      "type": "characterClass",
    },
  ],
  [
    "enter",
    {
      "end": {
        "_bufferIndex": 7,
        "_index": 0,
        "column": 8,
        "line": 1,
        "offset": 7,
      },
      "start": {
        "_bufferIndex": 2,
        "_index": 0,
        "column": 3,
        "line": 1,
        "offset": 2,
      },
      "type": "characterClassValue",
      "value": "digit",
    },
  ],
  [
    "exit",
    {
      "end": {
        "_bufferIndex": 7,
        "_index": 0,
        "column": 8,
        "line": 1,
        "offset": 7,
      },
      "start": {
        "_bufferIndex": 2,
        "_index": 0,
        "column": 3,
        "line": 1,
        "offset": 2,
      },
      "type": "characterClassValue",
      "value": "digit",
    },
  ],
  [
    "exit",
    {
      "end": {
        "_bufferIndex": -1,
        "_index": 1,
        "column": 10,
        "line": 1,
        "offset": 9,
      },
      "start": {
        "_bufferIndex": 0,
        "_index": 0,
        "column": 1,
        "line": 1,
        "offset": 0,
      },
      "type": "characterClass",
    },
  ],
]
`;

exports[`unit:tokenize/constructs/characterClass > should tokenize character classes ("[:graph:]") 1`] = `
[
  [
    "enter",
    {
      "end": {
        "_bufferIndex": -1,
        "_index": 1,
        "column": 10,
        "line": 1,
        "offset": 9,
      },
      "start": {
        "_bufferIndex": 0,
        "_index": 0,
        "column": 1,
        "line": 1,
        "offset": 0,
      },
      "type": "characterClass",
    },
  ],
  [
    "enter",
    {
      "end": {
        "_bufferIndex": 7,
        "_index": 0,
        "column": 8,
        "line": 1,
        "offset": 7,
      },
      "start": {
        "_bufferIndex": 2,
        "_index": 0,
        "column": 3,
        "line": 1,
        "offset": 2,
      },
      "type": "characterClassValue",
      "value": "graph",
    },
  ],
  [
    "exit",
    {
      "end": {
        "_bufferIndex": 7,
        "_index": 0,
        "column": 8,
        "line": 1,
        "offset": 7,
      },
      "start": {
        "_bufferIndex": 2,
        "_index": 0,
        "column": 3,
        "line": 1,
        "offset": 2,
      },
      "type": "characterClassValue",
      "value": "graph",
    },
  ],
  [
    "exit",
    {
      "end": {
        "_bufferIndex": -1,
        "_index": 1,
        "column": 10,
        "line": 1,
        "offset": 9,
      },
      "start": {
        "_bufferIndex": 0,
        "_index": 0,
        "column": 1,
        "line": 1,
        "offset": 0,
      },
      "type": "characterClass",
    },
  ],
]
`;

exports[`unit:tokenize/constructs/characterClass > should tokenize character classes ("[:lower:]") 1`] = `
[
  [
    "enter",
    {
      "end": {
        "_bufferIndex": -1,
        "_index": 1,
        "column": 10,
        "line": 1,
        "offset": 9,
      },
      "start": {
        "_bufferIndex": 0,
        "_index": 0,
        "column": 1,
        "line": 1,
        "offset": 0,
      },
      "type": "characterClass",
    },
  ],
  [
    "enter",
    {
      "end": {
        "_bufferIndex": 7,
        "_index": 0,
        "column": 8,
        "line": 1,
        "offset": 7,
      },
      "start": {
        "_bufferIndex": 2,
        "_index": 0,
        "column": 3,
        "line": 1,
        "offset": 2,
      },
      "type": "characterClassValue",
      "value": "lower",
    },
  ],
  [
    "exit",
    {
      "end": {
        "_bufferIndex": 7,
        "_index": 0,
        "column": 8,
        "line": 1,
        "offset": 7,
      },
      "start": {
        "_bufferIndex": 2,
        "_index": 0,
        "column": 3,
        "line": 1,
        "offset": 2,
      },
      "type": "characterClassValue",
      "value": "lower",
    },
  ],
  [
    "exit",
    {
      "end": {
        "_bufferIndex": -1,
        "_index": 1,
        "column": 10,
        "line": 1,
        "offset": 9,
      },
      "start": {
        "_bufferIndex": 0,
        "_index": 0,
        "column": 1,
        "line": 1,
        "offset": 0,
      },
      "type": "characterClass",
    },
  ],
]
`;

exports[`unit:tokenize/constructs/characterClass > should tokenize character classes ("[:print:]") 1`] = `
[
  [
    "enter",
    {
      "end": {
        "_bufferIndex": -1,
        "_index": 1,
        "column": 10,
        "line": 1,
        "offset": 9,
      },
      "start": {
        "_bufferIndex": 0,
        "_index": 0,
        "column": 1,
        "line": 1,
        "offset": 0,
      },
      "type": "characterClass",
    },
  ],
  [
    "enter",
    {
      "end": {
        "_bufferIndex": 7,
        "_index": 0,
        "column": 8,
        "line": 1,
        "offset": 7,
      },
      "start": {
        "_bufferIndex": 2,
        "_index": 0,
        "column": 3,
        "line": 1,
        "offset": 2,
      },
      "type": "characterClassValue",
      "value": "print",
    },
  ],
  [
    "exit",
    {
      "end": {
        "_bufferIndex": 7,
        "_index": 0,
        "column": 8,
        "line": 1,
        "offset": 7,
      },
      "start": {
        "_bufferIndex": 2,
        "_index": 0,
        "column": 3,
        "line": 1,
        "offset": 2,
      },
      "type": "characterClassValue",
      "value": "print",
    },
  ],
  [
    "exit",
    {
      "end": {
        "_bufferIndex": -1,
        "_index": 1,
        "column": 10,
        "line": 1,
        "offset": 9,
      },
      "start": {
        "_bufferIndex": 0,
        "_index": 0,
        "column": 1,
        "line": 1,
        "offset": 0,
      },
      "type": "characterClass",
    },
  ],
]
`;

exports[`unit:tokenize/constructs/characterClass > should tokenize character classes ("[:punct:]") 1`] = `
[
  [
    "enter",
    {
      "end": {
        "_bufferIndex": -1,
        "_index": 1,
        "column": 10,
        "line": 1,
        "offset": 9,
      },
      "start": {
        "_bufferIndex": 0,
        "_index": 0,
        "column": 1,
        "line": 1,
        "offset": 0,
      },
      "type": "characterClass",
    },
  ],
  [
    "enter",
    {
      "end": {
        "_bufferIndex": 7,
        "_index": 0,
        "column": 8,
        "line": 1,
        "offset": 7,
      },
      "start": {
        "_bufferIndex": 2,
        "_index": 0,
        "column": 3,
        "line": 1,
        "offset": 2,
      },
      "type": "characterClassValue",
      "value": "punct",
    },
  ],
  [
    "exit",
    {
      "end": {
        "_bufferIndex": 7,
        "_index": 0,
        "column": 8,
        "line": 1,
        "offset": 7,
      },
      "start": {
        "_bufferIndex": 2,
        "_index": 0,
        "column": 3,
        "line": 1,
        "offset": 2,
      },
      "type": "characterClassValue",
      "value": "punct",
    },
  ],
  [
    "exit",
    {
      "end": {
        "_bufferIndex": -1,
        "_index": 1,
        "column": 10,
        "line": 1,
        "offset": 9,
      },
      "start": {
        "_bufferIndex": 0,
        "_index": 0,
        "column": 1,
        "line": 1,
        "offset": 0,
      },
      "type": "characterClass",
    },
  ],
]
`;

exports[`unit:tokenize/constructs/characterClass > should tokenize character classes ("[:space:]") 1`] = `
[
  [
    "enter",
    {
      "end": {
        "_bufferIndex": -1,
        "_index": 1,
        "column": 10,
        "line": 1,
        "offset": 9,
      },
      "start": {
        "_bufferIndex": 0,
        "_index": 0,
        "column": 1,
        "line": 1,
        "offset": 0,
      },
      "type": "characterClass",
    },
  ],
  [
    "enter",
    {
      "end": {
        "_bufferIndex": 7,
        "_index": 0,
        "column": 8,
        "line": 1,
        "offset": 7,
      },
      "start": {
        "_bufferIndex": 2,
        "_index": 0,
        "column": 3,
        "line": 1,
        "offset": 2,
      },
      "type": "characterClassValue",
      "value": "space",
    },
  ],
  [
    "exit",
    {
      "end": {
        "_bufferIndex": 7,
        "_index": 0,
        "column": 8,
        "line": 1,
        "offset": 7,
      },
      "start": {
        "_bufferIndex": 2,
        "_index": 0,
        "column": 3,
        "line": 1,
        "offset": 2,
      },
      "type": "characterClassValue",
      "value": "space",
    },
  ],
  [
    "exit",
    {
      "end": {
        "_bufferIndex": -1,
        "_index": 1,
        "column": 10,
        "line": 1,
        "offset": 9,
      },
      "start": {
        "_bufferIndex": 0,
        "_index": 0,
        "column": 1,
        "line": 1,
        "offset": 0,
      },
      "type": "characterClass",
    },
  ],
]
`;

exports[`unit:tokenize/constructs/characterClass > should tokenize character classes ("[:upper:]") 1`] = `
[
  [
    "enter",
    {
      "end": {
        "_bufferIndex": -1,
        "_index": 1,
        "column": 10,
        "line": 1,
        "offset": 9,
      },
      "start": {
        "_bufferIndex": 0,
        "_index": 0,
        "column": 1,
        "line": 1,
        "offset": 0,
      },
      "type": "characterClass",
    },
  ],
  [
    "enter",
    {
      "end": {
        "_bufferIndex": 7,
        "_index": 0,
        "column": 8,
        "line": 1,
        "offset": 7,
      },
      "start": {
        "_bufferIndex": 2,
        "_index": 0,
        "column": 3,
        "line": 1,
        "offset": 2,
      },
      "type": "characterClassValue",
      "value": "upper",
    },
  ],
  [
    "exit",
    {
      "end": {
        "_bufferIndex": 7,
        "_index": 0,
        "column": 8,
        "line": 1,
        "offset": 7,
      },
      "start": {
        "_bufferIndex": 2,
        "_index": 0,
        "column": 3,
        "line": 1,
        "offset": 2,
      },
      "type": "characterClassValue",
      "value": "upper",
    },
  ],
  [
    "exit",
    {
      "end": {
        "_bufferIndex": -1,
        "_index": 1,
        "column": 10,
        "line": 1,
        "offset": 9,
      },
      "start": {
        "_bufferIndex": 0,
        "_index": 0,
        "column": 1,
        "line": 1,
        "offset": 0,
      },
      "type": "characterClass",
    },
  ],
]
`;

exports[`unit:tokenize/constructs/characterClass > should tokenize character classes ("[:word:]") 1`] = `
[
  [
    "enter",
    {
      "end": {
        "_bufferIndex": -1,
        "_index": 1,
        "column": 9,
        "line": 1,
        "offset": 8,
      },
      "start": {
        "_bufferIndex": 0,
        "_index": 0,
        "column": 1,
        "line": 1,
        "offset": 0,
      },
      "type": "characterClass",
    },
  ],
  [
    "enter",
    {
      "end": {
        "_bufferIndex": 6,
        "_index": 0,
        "column": 7,
        "line": 1,
        "offset": 6,
      },
      "start": {
        "_bufferIndex": 2,
        "_index": 0,
        "column": 3,
        "line": 1,
        "offset": 2,
      },
      "type": "characterClassValue",
      "value": "word",
    },
  ],
  [
    "exit",
    {
      "end": {
        "_bufferIndex": 6,
        "_index": 0,
        "column": 7,
        "line": 1,
        "offset": 6,
      },
      "start": {
        "_bufferIndex": 2,
        "_index": 0,
        "column": 3,
        "line": 1,
        "offset": 2,
      },
      "type": "characterClassValue",
      "value": "word",
    },
  ],
  [
    "exit",
    {
      "end": {
        "_bufferIndex": -1,
        "_index": 1,
        "column": 9,
        "line": 1,
        "offset": 8,
      },
      "start": {
        "_bufferIndex": 0,
        "_index": 0,
        "column": 1,
        "line": 1,
        "offset": 0,
      },
      "type": "characterClass",
    },
  ],
]
`;

exports[`unit:tokenize/constructs/characterClass > should tokenize character classes ("[:xdigit:]") 1`] = `
[
  [
    "enter",
    {
      "end": {
        "_bufferIndex": -1,
        "_index": 1,
        "column": 11,
        "line": 1,
        "offset": 10,
      },
      "start": {
        "_bufferIndex": 0,
        "_index": 0,
        "column": 1,
        "line": 1,
        "offset": 0,
      },
      "type": "characterClass",
    },
  ],
  [
    "enter",
    {
      "end": {
        "_bufferIndex": 8,
        "_index": 0,
        "column": 9,
        "line": 1,
        "offset": 8,
      },
      "start": {
        "_bufferIndex": 2,
        "_index": 0,
        "column": 3,
        "line": 1,
        "offset": 2,
      },
      "type": "characterClassValue",
      "value": "xdigit",
    },
  ],
  [
    "exit",
    {
      "end": {
        "_bufferIndex": 8,
        "_index": 0,
        "column": 9,
        "line": 1,
        "offset": 8,
      },
      "start": {
        "_bufferIndex": 2,
        "_index": 0,
        "column": 3,
        "line": 1,
        "offset": 2,
      },
      "type": "characterClassValue",
      "value": "xdigit",
    },
  ],
  [
    "exit",
    {
      "end": {
        "_bufferIndex": -1,
        "_index": 1,
        "column": 11,
        "line": 1,
        "offset": 10,
      },
      "start": {
        "_bufferIndex": 0,
        "_index": 0,
        "column": 1,
        "line": 1,
        "offset": 0,
      },
      "type": "characterClass",
    },
  ],
]
`;
