// Vitest Snapshot v1, https://vitest.dev/guide/snapshot.html

exports[`unit:tokenize/constructs/escape > should tokenize escapes ("\\\\!") 1`] = `
[
  [
    "enter",
    {
      "end": {
        "_bufferIndex": -1,
        "_index": 1,
        "column": 3,
        "line": 1,
        "offset": 2,
      },
      "start": {
        "_bufferIndex": 0,
        "_index": 0,
        "column": 1,
        "line": 1,
        "offset": 0,
      },
      "type": "escape",
    },
  ],
  [
    "enter",
    {
      "end": {
        "_bufferIndex": 1,
        "_index": 0,
        "column": 2,
        "line": 1,
        "offset": 1,
      },
      "start": {
        "_bufferIndex": 0,
        "_index": 0,
        "column": 1,
        "line": 1,
        "offset": 0,
      },
      "type": "escapeMarker",
    },
  ],
  [
    "exit",
    {
      "end": {
        "_bufferIndex": 1,
        "_index": 0,
        "column": 2,
        "line": 1,
        "offset": 1,
      },
      "start": {
        "_bufferIndex": 0,
        "_index": 0,
        "column": 1,
        "line": 1,
        "offset": 0,
      },
      "type": "escapeMarker",
    },
  ],
  [
    "enter",
    {
      "end": {
        "_bufferIndex": -1,
        "_index": 1,
        "column": 3,
        "line": 1,
        "offset": 2,
      },
      "start": {
        "_bufferIndex": 1,
        "_index": 0,
        "column": 2,
        "line": 1,
        "offset": 1,
      },
      "type": "escapeValue",
    },
  ],
  [
    "exit",
    {
      "end": {
        "_bufferIndex": -1,
        "_index": 1,
        "column": 3,
        "line": 1,
        "offset": 2,
      },
      "start": {
        "_bufferIndex": 1,
        "_index": 0,
        "column": 2,
        "line": 1,
        "offset": 1,
      },
      "type": "escapeValue",
    },
  ],
  [
    "exit",
    {
      "end": {
        "_bufferIndex": -1,
        "_index": 1,
        "column": 3,
        "line": 1,
        "offset": 2,
      },
      "start": {
        "_bufferIndex": 0,
        "_index": 0,
        "column": 1,
        "line": 1,
        "offset": 0,
      },
      "type": "escape",
    },
  ],
]
`;

exports[`unit:tokenize/constructs/escape > should tokenize escapes ("\\\\&") 1`] = `
[
  [
    "enter",
    {
      "end": {
        "_bufferIndex": -1,
        "_index": 1,
        "column": 3,
        "line": 1,
        "offset": 2,
      },
      "start": {
        "_bufferIndex": 0,
        "_index": 0,
        "column": 1,
        "line": 1,
        "offset": 0,
      },
      "type": "escape",
    },
  ],
  [
    "enter",
    {
      "end": {
        "_bufferIndex": 1,
        "_index": 0,
        "column": 2,
        "line": 1,
        "offset": 1,
      },
      "start": {
        "_bufferIndex": 0,
        "_index": 0,
        "column": 1,
        "line": 1,
        "offset": 0,
      },
      "type": "escapeMarker",
    },
  ],
  [
    "exit",
    {
      "end": {
        "_bufferIndex": 1,
        "_index": 0,
        "column": 2,
        "line": 1,
        "offset": 1,
      },
      "start": {
        "_bufferIndex": 0,
        "_index": 0,
        "column": 1,
        "line": 1,
        "offset": 0,
      },
      "type": "escapeMarker",
    },
  ],
  [
    "enter",
    {
      "end": {
        "_bufferIndex": -1,
        "_index": 1,
        "column": 3,
        "line": 1,
        "offset": 2,
      },
      "start": {
        "_bufferIndex": 1,
        "_index": 0,
        "column": 2,
        "line": 1,
        "offset": 1,
      },
      "type": "escapeValue",
    },
  ],
  [
    "exit",
    {
      "end": {
        "_bufferIndex": -1,
        "_index": 1,
        "column": 3,
        "line": 1,
        "offset": 2,
      },
      "start": {
        "_bufferIndex": 1,
        "_index": 0,
        "column": 2,
        "line": 1,
        "offset": 1,
      },
      "type": "escapeValue",
    },
  ],
  [
    "exit",
    {
      "end": {
        "_bufferIndex": -1,
        "_index": 1,
        "column": 3,
        "line": 1,
        "offset": 2,
      },
      "start": {
        "_bufferIndex": 0,
        "_index": 0,
        "column": 1,
        "line": 1,
        "offset": 0,
      },
      "type": "escape",
    },
  ],
]
`;

exports[`unit:tokenize/constructs/escape > should tokenize escapes ("\\\\'") 1`] = `
[
  [
    "enter",
    {
      "end": {
        "_bufferIndex": -1,
        "_index": 1,
        "column": 3,
        "line": 1,
        "offset": 2,
      },
      "start": {
        "_bufferIndex": 0,
        "_index": 0,
        "column": 1,
        "line": 1,
        "offset": 0,
      },
      "type": "escape",
    },
  ],
  [
    "enter",
    {
      "end": {
        "_bufferIndex": 1,
        "_index": 0,
        "column": 2,
        "line": 1,
        "offset": 1,
      },
      "start": {
        "_bufferIndex": 0,
        "_index": 0,
        "column": 1,
        "line": 1,
        "offset": 0,
      },
      "type": "escapeMarker",
    },
  ],
  [
    "exit",
    {
      "end": {
        "_bufferIndex": 1,
        "_index": 0,
        "column": 2,
        "line": 1,
        "offset": 1,
      },
      "start": {
        "_bufferIndex": 0,
        "_index": 0,
        "column": 1,
        "line": 1,
        "offset": 0,
      },
      "type": "escapeMarker",
    },
  ],
  [
    "enter",
    {
      "end": {
        "_bufferIndex": -1,
        "_index": 1,
        "column": 3,
        "line": 1,
        "offset": 2,
      },
      "start": {
        "_bufferIndex": 1,
        "_index": 0,
        "column": 2,
        "line": 1,
        "offset": 1,
      },
      "type": "escapeValue",
    },
  ],
  [
    "exit",
    {
      "end": {
        "_bufferIndex": -1,
        "_index": 1,
        "column": 3,
        "line": 1,
        "offset": 2,
      },
      "start": {
        "_bufferIndex": 1,
        "_index": 0,
        "column": 2,
        "line": 1,
        "offset": 1,
      },
      "type": "escapeValue",
    },
  ],
  [
    "exit",
    {
      "end": {
        "_bufferIndex": -1,
        "_index": 1,
        "column": 3,
        "line": 1,
        "offset": 2,
      },
      "start": {
        "_bufferIndex": 0,
        "_index": 0,
        "column": 1,
        "line": 1,
        "offset": 0,
      },
      "type": "escape",
    },
  ],
]
`;

exports[`unit:tokenize/constructs/escape > should tokenize escapes ("\\\\(") 1`] = `
[
  [
    "enter",
    {
      "end": {
        "_bufferIndex": -1,
        "_index": 1,
        "column": 3,
        "line": 1,
        "offset": 2,
      },
      "start": {
        "_bufferIndex": 0,
        "_index": 0,
        "column": 1,
        "line": 1,
        "offset": 0,
      },
      "type": "escape",
    },
  ],
  [
    "enter",
    {
      "end": {
        "_bufferIndex": 1,
        "_index": 0,
        "column": 2,
        "line": 1,
        "offset": 1,
      },
      "start": {
        "_bufferIndex": 0,
        "_index": 0,
        "column": 1,
        "line": 1,
        "offset": 0,
      },
      "type": "escapeMarker",
    },
  ],
  [
    "exit",
    {
      "end": {
        "_bufferIndex": 1,
        "_index": 0,
        "column": 2,
        "line": 1,
        "offset": 1,
      },
      "start": {
        "_bufferIndex": 0,
        "_index": 0,
        "column": 1,
        "line": 1,
        "offset": 0,
      },
      "type": "escapeMarker",
    },
  ],
  [
    "enter",
    {
      "end": {
        "_bufferIndex": -1,
        "_index": 1,
        "column": 3,
        "line": 1,
        "offset": 2,
      },
      "start": {
        "_bufferIndex": 1,
        "_index": 0,
        "column": 2,
        "line": 1,
        "offset": 1,
      },
      "type": "escapeValue",
    },
  ],
  [
    "exit",
    {
      "end": {
        "_bufferIndex": -1,
        "_index": 1,
        "column": 3,
        "line": 1,
        "offset": 2,
      },
      "start": {
        "_bufferIndex": 1,
        "_index": 0,
        "column": 2,
        "line": 1,
        "offset": 1,
      },
      "type": "escapeValue",
    },
  ],
  [
    "exit",
    {
      "end": {
        "_bufferIndex": -1,
        "_index": 1,
        "column": 3,
        "line": 1,
        "offset": 2,
      },
      "start": {
        "_bufferIndex": 0,
        "_index": 0,
        "column": 1,
        "line": 1,
        "offset": 0,
      },
      "type": "escape",
    },
  ],
]
`;

exports[`unit:tokenize/constructs/escape > should tokenize escapes ("\\\\)") 1`] = `
[
  [
    "enter",
    {
      "end": {
        "_bufferIndex": -1,
        "_index": 1,
        "column": 3,
        "line": 1,
        "offset": 2,
      },
      "start": {
        "_bufferIndex": 0,
        "_index": 0,
        "column": 1,
        "line": 1,
        "offset": 0,
      },
      "type": "escape",
    },
  ],
  [
    "enter",
    {
      "end": {
        "_bufferIndex": 1,
        "_index": 0,
        "column": 2,
        "line": 1,
        "offset": 1,
      },
      "start": {
        "_bufferIndex": 0,
        "_index": 0,
        "column": 1,
        "line": 1,
        "offset": 0,
      },
      "type": "escapeMarker",
    },
  ],
  [
    "exit",
    {
      "end": {
        "_bufferIndex": 1,
        "_index": 0,
        "column": 2,
        "line": 1,
        "offset": 1,
      },
      "start": {
        "_bufferIndex": 0,
        "_index": 0,
        "column": 1,
        "line": 1,
        "offset": 0,
      },
      "type": "escapeMarker",
    },
  ],
  [
    "enter",
    {
      "end": {
        "_bufferIndex": -1,
        "_index": 1,
        "column": 3,
        "line": 1,
        "offset": 2,
      },
      "start": {
        "_bufferIndex": 1,
        "_index": 0,
        "column": 2,
        "line": 1,
        "offset": 1,
      },
      "type": "escapeValue",
    },
  ],
  [
    "exit",
    {
      "end": {
        "_bufferIndex": -1,
        "_index": 1,
        "column": 3,
        "line": 1,
        "offset": 2,
      },
      "start": {
        "_bufferIndex": 1,
        "_index": 0,
        "column": 2,
        "line": 1,
        "offset": 1,
      },
      "type": "escapeValue",
    },
  ],
  [
    "exit",
    {
      "end": {
        "_bufferIndex": -1,
        "_index": 1,
        "column": 3,
        "line": 1,
        "offset": 2,
      },
      "start": {
        "_bufferIndex": 0,
        "_index": 0,
        "column": 1,
        "line": 1,
        "offset": 0,
      },
      "type": "escape",
    },
  ],
]
`;

exports[`unit:tokenize/constructs/escape > should tokenize escapes ("\\\\+") 1`] = `
[
  [
    "enter",
    {
      "end": {
        "_bufferIndex": -1,
        "_index": 1,
        "column": 3,
        "line": 1,
        "offset": 2,
      },
      "start": {
        "_bufferIndex": 0,
        "_index": 0,
        "column": 1,
        "line": 1,
        "offset": 0,
      },
      "type": "escape",
    },
  ],
  [
    "enter",
    {
      "end": {
        "_bufferIndex": 1,
        "_index": 0,
        "column": 2,
        "line": 1,
        "offset": 1,
      },
      "start": {
        "_bufferIndex": 0,
        "_index": 0,
        "column": 1,
        "line": 1,
        "offset": 0,
      },
      "type": "escapeMarker",
    },
  ],
  [
    "exit",
    {
      "end": {
        "_bufferIndex": 1,
        "_index": 0,
        "column": 2,
        "line": 1,
        "offset": 1,
      },
      "start": {
        "_bufferIndex": 0,
        "_index": 0,
        "column": 1,
        "line": 1,
        "offset": 0,
      },
      "type": "escapeMarker",
    },
  ],
  [
    "enter",
    {
      "end": {
        "_bufferIndex": -1,
        "_index": 1,
        "column": 3,
        "line": 1,
        "offset": 2,
      },
      "start": {
        "_bufferIndex": 1,
        "_index": 0,
        "column": 2,
        "line": 1,
        "offset": 1,
      },
      "type": "escapeValue",
    },
  ],
  [
    "exit",
    {
      "end": {
        "_bufferIndex": -1,
        "_index": 1,
        "column": 3,
        "line": 1,
        "offset": 2,
      },
      "start": {
        "_bufferIndex": 1,
        "_index": 0,
        "column": 2,
        "line": 1,
        "offset": 1,
      },
      "type": "escapeValue",
    },
  ],
  [
    "exit",
    {
      "end": {
        "_bufferIndex": -1,
        "_index": 1,
        "column": 3,
        "line": 1,
        "offset": 2,
      },
      "start": {
        "_bufferIndex": 0,
        "_index": 0,
        "column": 1,
        "line": 1,
        "offset": 0,
      },
      "type": "escape",
    },
  ],
]
`;

exports[`unit:tokenize/constructs/escape > should tokenize escapes ("\\\\,") 1`] = `
[
  [
    "enter",
    {
      "end": {
        "_bufferIndex": -1,
        "_index": 1,
        "column": 3,
        "line": 1,
        "offset": 2,
      },
      "start": {
        "_bufferIndex": 0,
        "_index": 0,
        "column": 1,
        "line": 1,
        "offset": 0,
      },
      "type": "escape",
    },
  ],
  [
    "enter",
    {
      "end": {
        "_bufferIndex": 1,
        "_index": 0,
        "column": 2,
        "line": 1,
        "offset": 1,
      },
      "start": {
        "_bufferIndex": 0,
        "_index": 0,
        "column": 1,
        "line": 1,
        "offset": 0,
      },
      "type": "escapeMarker",
    },
  ],
  [
    "exit",
    {
      "end": {
        "_bufferIndex": 1,
        "_index": 0,
        "column": 2,
        "line": 1,
        "offset": 1,
      },
      "start": {
        "_bufferIndex": 0,
        "_index": 0,
        "column": 1,
        "line": 1,
        "offset": 0,
      },
      "type": "escapeMarker",
    },
  ],
  [
    "enter",
    {
      "end": {
        "_bufferIndex": -1,
        "_index": 1,
        "column": 3,
        "line": 1,
        "offset": 2,
      },
      "start": {
        "_bufferIndex": 1,
        "_index": 0,
        "column": 2,
        "line": 1,
        "offset": 1,
      },
      "type": "escapeValue",
    },
  ],
  [
    "exit",
    {
      "end": {
        "_bufferIndex": -1,
        "_index": 1,
        "column": 3,
        "line": 1,
        "offset": 2,
      },
      "start": {
        "_bufferIndex": 1,
        "_index": 0,
        "column": 2,
        "line": 1,
        "offset": 1,
      },
      "type": "escapeValue",
    },
  ],
  [
    "exit",
    {
      "end": {
        "_bufferIndex": -1,
        "_index": 1,
        "column": 3,
        "line": 1,
        "offset": 2,
      },
      "start": {
        "_bufferIndex": 0,
        "_index": 0,
        "column": 1,
        "line": 1,
        "offset": 0,
      },
      "type": "escape",
    },
  ],
]
`;

exports[`unit:tokenize/constructs/escape > should tokenize escapes ("\\\\/") 1`] = `
[
  [
    "enter",
    {
      "end": {
        "_bufferIndex": -1,
        "_index": 1,
        "column": 3,
        "line": 1,
        "offset": 2,
      },
      "start": {
        "_bufferIndex": 0,
        "_index": 0,
        "column": 1,
        "line": 1,
        "offset": 0,
      },
      "type": "escape",
    },
  ],
  [
    "enter",
    {
      "end": {
        "_bufferIndex": 1,
        "_index": 0,
        "column": 2,
        "line": 1,
        "offset": 1,
      },
      "start": {
        "_bufferIndex": 0,
        "_index": 0,
        "column": 1,
        "line": 1,
        "offset": 0,
      },
      "type": "escapeMarker",
    },
  ],
  [
    "exit",
    {
      "end": {
        "_bufferIndex": 1,
        "_index": 0,
        "column": 2,
        "line": 1,
        "offset": 1,
      },
      "start": {
        "_bufferIndex": 0,
        "_index": 0,
        "column": 1,
        "line": 1,
        "offset": 0,
      },
      "type": "escapeMarker",
    },
  ],
  [
    "enter",
    {
      "end": {
        "_bufferIndex": -1,
        "_index": 1,
        "column": 3,
        "line": 1,
        "offset": 2,
      },
      "start": {
        "_bufferIndex": 1,
        "_index": 0,
        "column": 2,
        "line": 1,
        "offset": 1,
      },
      "type": "escapeValue",
    },
  ],
  [
    "exit",
    {
      "end": {
        "_bufferIndex": -1,
        "_index": 1,
        "column": 3,
        "line": 1,
        "offset": 2,
      },
      "start": {
        "_bufferIndex": 1,
        "_index": 0,
        "column": 2,
        "line": 1,
        "offset": 1,
      },
      "type": "escapeValue",
    },
  ],
  [
    "exit",
    {
      "end": {
        "_bufferIndex": -1,
        "_index": 1,
        "column": 3,
        "line": 1,
        "offset": 2,
      },
      "start": {
        "_bufferIndex": 0,
        "_index": 0,
        "column": 1,
        "line": 1,
        "offset": 0,
      },
      "type": "escape",
    },
  ],
]
`;

exports[`unit:tokenize/constructs/escape > should tokenize escapes ("\\\\?") 1`] = `
[
  [
    "enter",
    {
      "end": {
        "_bufferIndex": -1,
        "_index": 1,
        "column": 3,
        "line": 1,
        "offset": 2,
      },
      "start": {
        "_bufferIndex": 0,
        "_index": 0,
        "column": 1,
        "line": 1,
        "offset": 0,
      },
      "type": "escape",
    },
  ],
  [
    "enter",
    {
      "end": {
        "_bufferIndex": 1,
        "_index": 0,
        "column": 2,
        "line": 1,
        "offset": 1,
      },
      "start": {
        "_bufferIndex": 0,
        "_index": 0,
        "column": 1,
        "line": 1,
        "offset": 0,
      },
      "type": "escapeMarker",
    },
  ],
  [
    "exit",
    {
      "end": {
        "_bufferIndex": 1,
        "_index": 0,
        "column": 2,
        "line": 1,
        "offset": 1,
      },
      "start": {
        "_bufferIndex": 0,
        "_index": 0,
        "column": 1,
        "line": 1,
        "offset": 0,
      },
      "type": "escapeMarker",
    },
  ],
  [
    "enter",
    {
      "end": {
        "_bufferIndex": -1,
        "_index": 1,
        "column": 3,
        "line": 1,
        "offset": 2,
      },
      "start": {
        "_bufferIndex": 1,
        "_index": 0,
        "column": 2,
        "line": 1,
        "offset": 1,
      },
      "type": "escapeValue",
    },
  ],
  [
    "exit",
    {
      "end": {
        "_bufferIndex": -1,
        "_index": 1,
        "column": 3,
        "line": 1,
        "offset": 2,
      },
      "start": {
        "_bufferIndex": 1,
        "_index": 0,
        "column": 2,
        "line": 1,
        "offset": 1,
      },
      "type": "escapeValue",
    },
  ],
  [
    "exit",
    {
      "end": {
        "_bufferIndex": -1,
        "_index": 1,
        "column": 3,
        "line": 1,
        "offset": 2,
      },
      "start": {
        "_bufferIndex": 0,
        "_index": 0,
        "column": 1,
        "line": 1,
        "offset": 0,
      },
      "type": "escape",
    },
  ],
]
`;

exports[`unit:tokenize/constructs/escape > should tokenize escapes ("\\\\@") 1`] = `
[
  [
    "enter",
    {
      "end": {
        "_bufferIndex": -1,
        "_index": 1,
        "column": 3,
        "line": 1,
        "offset": 2,
      },
      "start": {
        "_bufferIndex": 0,
        "_index": 0,
        "column": 1,
        "line": 1,
        "offset": 0,
      },
      "type": "escape",
    },
  ],
  [
    "enter",
    {
      "end": {
        "_bufferIndex": 1,
        "_index": 0,
        "column": 2,
        "line": 1,
        "offset": 1,
      },
      "start": {
        "_bufferIndex": 0,
        "_index": 0,
        "column": 1,
        "line": 1,
        "offset": 0,
      },
      "type": "escapeMarker",
    },
  ],
  [
    "exit",
    {
      "end": {
        "_bufferIndex": 1,
        "_index": 0,
        "column": 2,
        "line": 1,
        "offset": 1,
      },
      "start": {
        "_bufferIndex": 0,
        "_index": 0,
        "column": 1,
        "line": 1,
        "offset": 0,
      },
      "type": "escapeMarker",
    },
  ],
  [
    "enter",
    {
      "end": {
        "_bufferIndex": -1,
        "_index": 1,
        "column": 3,
        "line": 1,
        "offset": 2,
      },
      "start": {
        "_bufferIndex": 1,
        "_index": 0,
        "column": 2,
        "line": 1,
        "offset": 1,
      },
      "type": "escapeValue",
    },
  ],
  [
    "exit",
    {
      "end": {
        "_bufferIndex": -1,
        "_index": 1,
        "column": 3,
        "line": 1,
        "offset": 2,
      },
      "start": {
        "_bufferIndex": 1,
        "_index": 0,
        "column": 2,
        "line": 1,
        "offset": 1,
      },
      "type": "escapeValue",
    },
  ],
  [
    "exit",
    {
      "end": {
        "_bufferIndex": -1,
        "_index": 1,
        "column": 3,
        "line": 1,
        "offset": 2,
      },
      "start": {
        "_bufferIndex": 0,
        "_index": 0,
        "column": 1,
        "line": 1,
        "offset": 0,
      },
      "type": "escape",
    },
  ],
]
`;

exports[`unit:tokenize/constructs/escape > should tokenize escapes ("\\\\[") 1`] = `
[
  [
    "enter",
    {
      "end": {
        "_bufferIndex": -1,
        "_index": 1,
        "column": 3,
        "line": 1,
        "offset": 2,
      },
      "start": {
        "_bufferIndex": 0,
        "_index": 0,
        "column": 1,
        "line": 1,
        "offset": 0,
      },
      "type": "escape",
    },
  ],
  [
    "enter",
    {
      "end": {
        "_bufferIndex": 1,
        "_index": 0,
        "column": 2,
        "line": 1,
        "offset": 1,
      },
      "start": {
        "_bufferIndex": 0,
        "_index": 0,
        "column": 1,
        "line": 1,
        "offset": 0,
      },
      "type": "escapeMarker",
    },
  ],
  [
    "exit",
    {
      "end": {
        "_bufferIndex": 1,
        "_index": 0,
        "column": 2,
        "line": 1,
        "offset": 1,
      },
      "start": {
        "_bufferIndex": 0,
        "_index": 0,
        "column": 1,
        "line": 1,
        "offset": 0,
      },
      "type": "escapeMarker",
    },
  ],
  [
    "enter",
    {
      "end": {
        "_bufferIndex": -1,
        "_index": 1,
        "column": 3,
        "line": 1,
        "offset": 2,
      },
      "start": {
        "_bufferIndex": 1,
        "_index": 0,
        "column": 2,
        "line": 1,
        "offset": 1,
      },
      "type": "escapeValue",
    },
  ],
  [
    "exit",
    {
      "end": {
        "_bufferIndex": -1,
        "_index": 1,
        "column": 3,
        "line": 1,
        "offset": 2,
      },
      "start": {
        "_bufferIndex": 1,
        "_index": 0,
        "column": 2,
        "line": 1,
        "offset": 1,
      },
      "type": "escapeValue",
    },
  ],
  [
    "exit",
    {
      "end": {
        "_bufferIndex": -1,
        "_index": 1,
        "column": 3,
        "line": 1,
        "offset": 2,
      },
      "start": {
        "_bufferIndex": 0,
        "_index": 0,
        "column": 1,
        "line": 1,
        "offset": 0,
      },
      "type": "escape",
    },
  ],
]
`;

exports[`unit:tokenize/constructs/escape > should tokenize escapes ("\\\\\\"") 1`] = `
[
  [
    "enter",
    {
      "end": {
        "_bufferIndex": -1,
        "_index": 1,
        "column": 3,
        "line": 1,
        "offset": 2,
      },
      "start": {
        "_bufferIndex": 0,
        "_index": 0,
        "column": 1,
        "line": 1,
        "offset": 0,
      },
      "type": "escape",
    },
  ],
  [
    "enter",
    {
      "end": {
        "_bufferIndex": 1,
        "_index": 0,
        "column": 2,
        "line": 1,
        "offset": 1,
      },
      "start": {
        "_bufferIndex": 0,
        "_index": 0,
        "column": 1,
        "line": 1,
        "offset": 0,
      },
      "type": "escapeMarker",
    },
  ],
  [
    "exit",
    {
      "end": {
        "_bufferIndex": 1,
        "_index": 0,
        "column": 2,
        "line": 1,
        "offset": 1,
      },
      "start": {
        "_bufferIndex": 0,
        "_index": 0,
        "column": 1,
        "line": 1,
        "offset": 0,
      },
      "type": "escapeMarker",
    },
  ],
  [
    "enter",
    {
      "end": {
        "_bufferIndex": -1,
        "_index": 1,
        "column": 3,
        "line": 1,
        "offset": 2,
      },
      "start": {
        "_bufferIndex": 1,
        "_index": 0,
        "column": 2,
        "line": 1,
        "offset": 1,
      },
      "type": "escapeValue",
    },
  ],
  [
    "exit",
    {
      "end": {
        "_bufferIndex": -1,
        "_index": 1,
        "column": 3,
        "line": 1,
        "offset": 2,
      },
      "start": {
        "_bufferIndex": 1,
        "_index": 0,
        "column": 2,
        "line": 1,
        "offset": 1,
      },
      "type": "escapeValue",
    },
  ],
  [
    "exit",
    {
      "end": {
        "_bufferIndex": -1,
        "_index": 1,
        "column": 3,
        "line": 1,
        "offset": 2,
      },
      "start": {
        "_bufferIndex": 0,
        "_index": 0,
        "column": 1,
        "line": 1,
        "offset": 0,
      },
      "type": "escape",
    },
  ],
]
`;

exports[`unit:tokenize/constructs/escape > should tokenize escapes ("\\\\\\\\") 1`] = `
[
  [
    "enter",
    {
      "end": {
        "_bufferIndex": -1,
        "_index": 1,
        "column": 3,
        "line": 1,
        "offset": 2,
      },
      "start": {
        "_bufferIndex": 0,
        "_index": 0,
        "column": 1,
        "line": 1,
        "offset": 0,
      },
      "type": "escape",
    },
  ],
  [
    "enter",
    {
      "end": {
        "_bufferIndex": 1,
        "_index": 0,
        "column": 2,
        "line": 1,
        "offset": 1,
      },
      "start": {
        "_bufferIndex": 0,
        "_index": 0,
        "column": 1,
        "line": 1,
        "offset": 0,
      },
      "type": "escapeMarker",
    },
  ],
  [
    "exit",
    {
      "end": {
        "_bufferIndex": 1,
        "_index": 0,
        "column": 2,
        "line": 1,
        "offset": 1,
      },
      "start": {
        "_bufferIndex": 0,
        "_index": 0,
        "column": 1,
        "line": 1,
        "offset": 0,
      },
      "type": "escapeMarker",
    },
  ],
  [
    "enter",
    {
      "end": {
        "_bufferIndex": -1,
        "_index": 1,
        "column": 3,
        "line": 1,
        "offset": 2,
      },
      "start": {
        "_bufferIndex": 1,
        "_index": 0,
        "column": 2,
        "line": 1,
        "offset": 1,
      },
      "type": "escapeValue",
    },
  ],
  [
    "exit",
    {
      "end": {
        "_bufferIndex": -1,
        "_index": 1,
        "column": 3,
        "line": 1,
        "offset": 2,
      },
      "start": {
        "_bufferIndex": 1,
        "_index": 0,
        "column": 2,
        "line": 1,
        "offset": 1,
      },
      "type": "escapeValue",
    },
  ],
  [
    "exit",
    {
      "end": {
        "_bufferIndex": -1,
        "_index": 1,
        "column": 3,
        "line": 1,
        "offset": 2,
      },
      "start": {
        "_bufferIndex": 0,
        "_index": 0,
        "column": 1,
        "line": 1,
        "offset": 0,
      },
      "type": "escape",
    },
  ],
]
`;

exports[`unit:tokenize/constructs/escape > should tokenize escapes ("\\\\]") 1`] = `
[
  [
    "enter",
    {
      "end": {
        "_bufferIndex": -1,
        "_index": 1,
        "column": 3,
        "line": 1,
        "offset": 2,
      },
      "start": {
        "_bufferIndex": 0,
        "_index": 0,
        "column": 1,
        "line": 1,
        "offset": 0,
      },
      "type": "escape",
    },
  ],
  [
    "enter",
    {
      "end": {
        "_bufferIndex": 1,
        "_index": 0,
        "column": 2,
        "line": 1,
        "offset": 1,
      },
      "start": {
        "_bufferIndex": 0,
        "_index": 0,
        "column": 1,
        "line": 1,
        "offset": 0,
      },
      "type": "escapeMarker",
    },
  ],
  [
    "exit",
    {
      "end": {
        "_bufferIndex": 1,
        "_index": 0,
        "column": 2,
        "line": 1,
        "offset": 1,
      },
      "start": {
        "_bufferIndex": 0,
        "_index": 0,
        "column": 1,
        "line": 1,
        "offset": 0,
      },
      "type": "escapeMarker",
    },
  ],
  [
    "enter",
    {
      "end": {
        "_bufferIndex": -1,
        "_index": 1,
        "column": 3,
        "line": 1,
        "offset": 2,
      },
      "start": {
        "_bufferIndex": 1,
        "_index": 0,
        "column": 2,
        "line": 1,
        "offset": 1,
      },
      "type": "escapeValue",
    },
  ],
  [
    "exit",
    {
      "end": {
        "_bufferIndex": -1,
        "_index": 1,
        "column": 3,
        "line": 1,
        "offset": 2,
      },
      "start": {
        "_bufferIndex": 1,
        "_index": 0,
        "column": 2,
        "line": 1,
        "offset": 1,
      },
      "type": "escapeValue",
    },
  ],
  [
    "exit",
    {
      "end": {
        "_bufferIndex": -1,
        "_index": 1,
        "column": 3,
        "line": 1,
        "offset": 2,
      },
      "start": {
        "_bufferIndex": 0,
        "_index": 0,
        "column": 1,
        "line": 1,
        "offset": 0,
      },
      "type": "escape",
    },
  ],
]
`;

exports[`unit:tokenize/constructs/escape > should tokenize escapes ("\\\\{") 1`] = `
[
  [
    "enter",
    {
      "end": {
        "_bufferIndex": -1,
        "_index": 1,
        "column": 3,
        "line": 1,
        "offset": 2,
      },
      "start": {
        "_bufferIndex": 0,
        "_index": 0,
        "column": 1,
        "line": 1,
        "offset": 0,
      },
      "type": "escape",
    },
  ],
  [
    "enter",
    {
      "end": {
        "_bufferIndex": 1,
        "_index": 0,
        "column": 2,
        "line": 1,
        "offset": 1,
      },
      "start": {
        "_bufferIndex": 0,
        "_index": 0,
        "column": 1,
        "line": 1,
        "offset": 0,
      },
      "type": "escapeMarker",
    },
  ],
  [
    "exit",
    {
      "end": {
        "_bufferIndex": 1,
        "_index": 0,
        "column": 2,
        "line": 1,
        "offset": 1,
      },
      "start": {
        "_bufferIndex": 0,
        "_index": 0,
        "column": 1,
        "line": 1,
        "offset": 0,
      },
      "type": "escapeMarker",
    },
  ],
  [
    "enter",
    {
      "end": {
        "_bufferIndex": -1,
        "_index": 1,
        "column": 3,
        "line": 1,
        "offset": 2,
      },
      "start": {
        "_bufferIndex": 1,
        "_index": 0,
        "column": 2,
        "line": 1,
        "offset": 1,
      },
      "type": "escapeValue",
    },
  ],
  [
    "exit",
    {
      "end": {
        "_bufferIndex": -1,
        "_index": 1,
        "column": 3,
        "line": 1,
        "offset": 2,
      },
      "start": {
        "_bufferIndex": 1,
        "_index": 0,
        "column": 2,
        "line": 1,
        "offset": 1,
      },
      "type": "escapeValue",
    },
  ],
  [
    "exit",
    {
      "end": {
        "_bufferIndex": -1,
        "_index": 1,
        "column": 3,
        "line": 1,
        "offset": 2,
      },
      "start": {
        "_bufferIndex": 0,
        "_index": 0,
        "column": 1,
        "line": 1,
        "offset": 0,
      },
      "type": "escape",
    },
  ],
]
`;

exports[`unit:tokenize/constructs/escape > should tokenize escapes ("\\\\|") 1`] = `
[
  [
    "enter",
    {
      "end": {
        "_bufferIndex": -1,
        "_index": 1,
        "column": 3,
        "line": 1,
        "offset": 2,
      },
      "start": {
        "_bufferIndex": 0,
        "_index": 0,
        "column": 1,
        "line": 1,
        "offset": 0,
      },
      "type": "escape",
    },
  ],
  [
    "enter",
    {
      "end": {
        "_bufferIndex": 1,
        "_index": 0,
        "column": 2,
        "line": 1,
        "offset": 1,
      },
      "start": {
        "_bufferIndex": 0,
        "_index": 0,
        "column": 1,
        "line": 1,
        "offset": 0,
      },
      "type": "escapeMarker",
    },
  ],
  [
    "exit",
    {
      "end": {
        "_bufferIndex": 1,
        "_index": 0,
        "column": 2,
        "line": 1,
        "offset": 1,
      },
      "start": {
        "_bufferIndex": 0,
        "_index": 0,
        "column": 1,
        "line": 1,
        "offset": 0,
      },
      "type": "escapeMarker",
    },
  ],
  [
    "enter",
    {
      "end": {
        "_bufferIndex": -1,
        "_index": 1,
        "column": 3,
        "line": 1,
        "offset": 2,
      },
      "start": {
        "_bufferIndex": 1,
        "_index": 0,
        "column": 2,
        "line": 1,
        "offset": 1,
      },
      "type": "escapeValue",
    },
  ],
  [
    "exit",
    {
      "end": {
        "_bufferIndex": -1,
        "_index": 1,
        "column": 3,
        "line": 1,
        "offset": 2,
      },
      "start": {
        "_bufferIndex": 1,
        "_index": 0,
        "column": 2,
        "line": 1,
        "offset": 1,
      },
      "type": "escapeValue",
    },
  ],
  [
    "exit",
    {
      "end": {
        "_bufferIndex": -1,
        "_index": 1,
        "column": 3,
        "line": 1,
        "offset": 2,
      },
      "start": {
        "_bufferIndex": 0,
        "_index": 0,
        "column": 1,
        "line": 1,
        "offset": 0,
      },
      "type": "escape",
    },
  ],
]
`;

exports[`unit:tokenize/constructs/escape > should tokenize escapes ("\\\\}") 1`] = `
[
  [
    "enter",
    {
      "end": {
        "_bufferIndex": -1,
        "_index": 1,
        "column": 3,
        "line": 1,
        "offset": 2,
      },
      "start": {
        "_bufferIndex": 0,
        "_index": 0,
        "column": 1,
        "line": 1,
        "offset": 0,
      },
      "type": "escape",
    },
  ],
  [
    "enter",
    {
      "end": {
        "_bufferIndex": 1,
        "_index": 0,
        "column": 2,
        "line": 1,
        "offset": 1,
      },
      "start": {
        "_bufferIndex": 0,
        "_index": 0,
        "column": 1,
        "line": 1,
        "offset": 0,
      },
      "type": "escapeMarker",
    },
  ],
  [
    "exit",
    {
      "end": {
        "_bufferIndex": 1,
        "_index": 0,
        "column": 2,
        "line": 1,
        "offset": 1,
      },
      "start": {
        "_bufferIndex": 0,
        "_index": 0,
        "column": 1,
        "line": 1,
        "offset": 0,
      },
      "type": "escapeMarker",
    },
  ],
  [
    "enter",
    {
      "end": {
        "_bufferIndex": -1,
        "_index": 1,
        "column": 3,
        "line": 1,
        "offset": 2,
      },
      "start": {
        "_bufferIndex": 1,
        "_index": 0,
        "column": 2,
        "line": 1,
        "offset": 1,
      },
      "type": "escapeValue",
    },
  ],
  [
    "exit",
    {
      "end": {
        "_bufferIndex": -1,
        "_index": 1,
        "column": 3,
        "line": 1,
        "offset": 2,
      },
      "start": {
        "_bufferIndex": 1,
        "_index": 0,
        "column": 2,
        "line": 1,
        "offset": 1,
      },
      "type": "escapeValue",
    },
  ],
  [
    "exit",
    {
      "end": {
        "_bufferIndex": -1,
        "_index": 1,
        "column": 3,
        "line": 1,
        "offset": 2,
      },
      "start": {
        "_bufferIndex": 0,
        "_index": 0,
        "column": 1,
        "line": 1,
        "offset": 0,
      },
      "type": "escape",
    },
  ],
]
`;

exports[`unit:tokenize/constructs/escape > should tokenize escapes ("src/pages/api/\\\\[api\\\\].mdx") 1`] = `
[
  [
    "enter",
    {
      "end": {
        "_bufferIndex": 16,
        "_index": 0,
        "column": 17,
        "line": 1,
        "offset": 16,
      },
      "start": {
        "_bufferIndex": 14,
        "_index": 0,
        "column": 15,
        "line": 1,
        "offset": 14,
      },
      "type": "escape",
    },
  ],
  [
    "enter",
    {
      "end": {
        "_bufferIndex": 15,
        "_index": 0,
        "column": 16,
        "line": 1,
        "offset": 15,
      },
      "start": {
        "_bufferIndex": 14,
        "_index": 0,
        "column": 15,
        "line": 1,
        "offset": 14,
      },
      "type": "escapeMarker",
    },
  ],
  [
    "exit",
    {
      "end": {
        "_bufferIndex": 15,
        "_index": 0,
        "column": 16,
        "line": 1,
        "offset": 15,
      },
      "start": {
        "_bufferIndex": 14,
        "_index": 0,
        "column": 15,
        "line": 1,
        "offset": 14,
      },
      "type": "escapeMarker",
    },
  ],
  [
    "enter",
    {
      "end": {
        "_bufferIndex": 16,
        "_index": 0,
        "column": 17,
        "line": 1,
        "offset": 16,
      },
      "start": {
        "_bufferIndex": 15,
        "_index": 0,
        "column": 16,
        "line": 1,
        "offset": 15,
      },
      "type": "escapeValue",
    },
  ],
  [
    "exit",
    {
      "end": {
        "_bufferIndex": 16,
        "_index": 0,
        "column": 17,
        "line": 1,
        "offset": 16,
      },
      "start": {
        "_bufferIndex": 15,
        "_index": 0,
        "column": 16,
        "line": 1,
        "offset": 15,
      },
      "type": "escapeValue",
    },
  ],
  [
    "exit",
    {
      "end": {
        "_bufferIndex": 16,
        "_index": 0,
        "column": 17,
        "line": 1,
        "offset": 16,
      },
      "start": {
        "_bufferIndex": 14,
        "_index": 0,
        "column": 15,
        "line": 1,
        "offset": 14,
      },
      "type": "escape",
    },
  ],
  [
    "enter",
    {
      "end": {
        "_bufferIndex": 21,
        "_index": 0,
        "column": 22,
        "line": 1,
        "offset": 21,
      },
      "start": {
        "_bufferIndex": 19,
        "_index": 0,
        "column": 20,
        "line": 1,
        "offset": 19,
      },
      "type": "escape",
    },
  ],
  [
    "enter",
    {
      "end": {
        "_bufferIndex": 20,
        "_index": 0,
        "column": 21,
        "line": 1,
        "offset": 20,
      },
      "start": {
        "_bufferIndex": 19,
        "_index": 0,
        "column": 20,
        "line": 1,
        "offset": 19,
      },
      "type": "escapeMarker",
    },
  ],
  [
    "exit",
    {
      "end": {
        "_bufferIndex": 20,
        "_index": 0,
        "column": 21,
        "line": 1,
        "offset": 20,
      },
      "start": {
        "_bufferIndex": 19,
        "_index": 0,
        "column": 20,
        "line": 1,
        "offset": 19,
      },
      "type": "escapeMarker",
    },
  ],
  [
    "enter",
    {
      "end": {
        "_bufferIndex": 21,
        "_index": 0,
        "column": 22,
        "line": 1,
        "offset": 21,
      },
      "start": {
        "_bufferIndex": 20,
        "_index": 0,
        "column": 21,
        "line": 1,
        "offset": 20,
      },
      "type": "escapeValue",
    },
  ],
  [
    "exit",
    {
      "end": {
        "_bufferIndex": 21,
        "_index": 0,
        "column": 22,
        "line": 1,
        "offset": 21,
      },
      "start": {
        "_bufferIndex": 20,
        "_index": 0,
        "column": 21,
        "line": 1,
        "offset": 20,
      },
      "type": "escapeValue",
    },
  ],
  [
    "exit",
    {
      "end": {
        "_bufferIndex": 21,
        "_index": 0,
        "column": 22,
        "line": 1,
        "offset": 21,
      },
      "start": {
        "_bufferIndex": 19,
        "_index": 0,
        "column": 20,
        "line": 1,
        "offset": 19,
      },
      "type": "escape",
    },
  ],
]
`;
