// Vitest Snapshot v1, https://vitest.dev/guide/snapshot.html

exports[`integration:tokenize/constructs/separator > should tokenize path separator ("/") 1`] = `
[
  [
    "enter",
    {
      "end": {
        "_bufferIndex": -1,
        "_index": 1,
        "column": 2,
        "line": 1,
        "offset": 1,
      },
      "start": {
        "_bufferIndex": -1,
        "_index": 0,
        "column": 1,
        "line": 1,
        "offset": 0,
      },
      "type": "separator",
      "value": "/",
    },
  ],
  [
    "exit",
    {
      "end": {
        "_bufferIndex": -1,
        "_index": 1,
        "column": 2,
        "line": 1,
        "offset": 1,
      },
      "start": {
        "_bufferIndex": -1,
        "_index": 0,
        "column": 1,
        "line": 1,
        "offset": 0,
      },
      "type": "separator",
      "value": "/",
    },
  ],
]
`;

exports[`integration:tokenize/constructs/separator > should tokenize path separator ("dist/**/*") 1`] = `
[
  [
    "enter",
    {
      "end": {
        "_bufferIndex": -1,
        "_index": 5,
        "column": 6,
        "line": 1,
        "offset": 5,
      },
      "start": {
        "_bufferIndex": -1,
        "_index": 4,
        "column": 5,
        "line": 1,
        "offset": 4,
      },
      "type": "separator",
      "value": "/",
    },
  ],
  [
    "exit",
    {
      "end": {
        "_bufferIndex": -1,
        "_index": 5,
        "column": 6,
        "line": 1,
        "offset": 5,
      },
      "start": {
        "_bufferIndex": -1,
        "_index": 4,
        "column": 5,
        "line": 1,
        "offset": 4,
      },
      "type": "separator",
      "value": "/",
    },
  ],
  [
    "enter",
    {
      "end": {
        "_bufferIndex": -1,
        "_index": 8,
        "column": 9,
        "line": 1,
        "offset": 8,
      },
      "start": {
        "_bufferIndex": -1,
        "_index": 7,
        "column": 8,
        "line": 1,
        "offset": 7,
      },
      "type": "separator",
      "value": "/",
    },
  ],
  [
    "exit",
    {
      "end": {
        "_bufferIndex": -1,
        "_index": 8,
        "column": 9,
        "line": 1,
        "offset": 8,
      },
      "start": {
        "_bufferIndex": -1,
        "_index": 7,
        "column": 8,
        "line": 1,
        "offset": 7,
      },
      "type": "separator",
      "value": "/",
    },
  ],
]
`;
