// Vitest Snapshot v1, https://vitest.dev/guide/snapshot.html

exports[`unit:tokenize/constructs/collatingSymbol > should tokenize collating symbols ("[...]") 1`] = `
[
  [
    "enter",
    {
      "end": {
        "_bufferIndex": -1,
        "_index": 1,
        "column": 6,
        "line": 1,
        "offset": 5,
      },
      "start": {
        "_bufferIndex": 0,
        "_index": 0,
        "column": 1,
        "line": 1,
        "offset": 0,
      },
      "type": "collatingSymbol",
    },
  ],
  [
    "enter",
    {
      "end": {
        "_bufferIndex": 3,
        "_index": 0,
        "column": 4,
        "line": 1,
        "offset": 3,
      },
      "start": {
        "_bufferIndex": 2,
        "_index": 0,
        "column": 3,
        "line": 1,
        "offset": 2,
      },
      "type": "collatingSymbolValue",
      "value": ".",
    },
  ],
  [
    "exit",
    {
      "end": {
        "_bufferIndex": 3,
        "_index": 0,
        "column": 4,
        "line": 1,
        "offset": 3,
      },
      "start": {
        "_bufferIndex": 2,
        "_index": 0,
        "column": 3,
        "line": 1,
        "offset": 2,
      },
      "type": "collatingSymbolValue",
      "value": ".",
    },
  ],
  [
    "exit",
    {
      "end": {
        "_bufferIndex": -1,
        "_index": 1,
        "column": 6,
        "line": 1,
        "offset": 5,
      },
      "start": {
        "_bufferIndex": 0,
        "_index": 0,
        "column": 1,
        "line": 1,
        "offset": 0,
      },
      "type": "collatingSymbol",
    },
  ],
]
`;

exports[`unit:tokenize/constructs/collatingSymbol > should tokenize collating symbols ("[.rr.]") 1`] = `
[
  [
    "enter",
    {
      "end": {
        "_bufferIndex": -1,
        "_index": 1,
        "column": 7,
        "line": 1,
        "offset": 6,
      },
      "start": {
        "_bufferIndex": 0,
        "_index": 0,
        "column": 1,
        "line": 1,
        "offset": 0,
      },
      "type": "collatingSymbol",
    },
  ],
  [
    "enter",
    {
      "end": {
        "_bufferIndex": 4,
        "_index": 0,
        "column": 5,
        "line": 1,
        "offset": 4,
      },
      "start": {
        "_bufferIndex": 2,
        "_index": 0,
        "column": 3,
        "line": 1,
        "offset": 2,
      },
      "type": "collatingSymbolValue",
      "value": "rr",
    },
  ],
  [
    "exit",
    {
      "end": {
        "_bufferIndex": 4,
        "_index": 0,
        "column": 5,
        "line": 1,
        "offset": 4,
      },
      "start": {
        "_bufferIndex": 2,
        "_index": 0,
        "column": 3,
        "line": 1,
        "offset": 2,
      },
      "type": "collatingSymbolValue",
      "value": "rr",
    },
  ],
  [
    "exit",
    {
      "end": {
        "_bufferIndex": -1,
        "_index": 1,
        "column": 7,
        "line": 1,
        "offset": 6,
      },
      "start": {
        "_bufferIndex": 0,
        "_index": 0,
        "column": 1,
        "line": 1,
        "offset": 0,
      },
      "type": "collatingSymbol",
    },
  ],
]
`;
