// Vitest Snapshot v1, https://vitest.dev/guide/snapshot.html

exports[`unit:tokenize/constructs/equivalenceClass > should tokenize equivalence classes ("[===]") 1`] = `
[
  [
    "enter",
    {
      "end": {
        "_bufferIndex": -1,
        "_index": 1,
        "column": 6,
        "line": 1,
        "offset": 5,
      },
      "start": {
        "_bufferIndex": 0,
        "_index": 0,
        "column": 1,
        "line": 1,
        "offset": 0,
      },
      "type": "equivalenceClass",
    },
  ],
  [
    "enter",
    {
      "end": {
        "_bufferIndex": 3,
        "_index": 0,
        "column": 4,
        "line": 1,
        "offset": 3,
      },
      "start": {
        "_bufferIndex": 2,
        "_index": 0,
        "column": 3,
        "line": 1,
        "offset": 2,
      },
      "type": "equivalenceClassValue",
      "value": "=",
    },
  ],
  [
    "exit",
    {
      "end": {
        "_bufferIndex": 3,
        "_index": 0,
        "column": 4,
        "line": 1,
        "offset": 3,
      },
      "start": {
        "_bufferIndex": 2,
        "_index": 0,
        "column": 3,
        "line": 1,
        "offset": 2,
      },
      "type": "equivalenceClassValue",
      "value": "=",
    },
  ],
  [
    "exit",
    {
      "end": {
        "_bufferIndex": -1,
        "_index": 1,
        "column": 6,
        "line": 1,
        "offset": 5,
      },
      "start": {
        "_bufferIndex": 0,
        "_index": 0,
        "column": 1,
        "line": 1,
        "offset": 0,
      },
      "type": "equivalenceClass",
    },
  ],
]
`;

exports[`unit:tokenize/constructs/equivalenceClass > should tokenize equivalence classes ("[=1=]") 1`] = `
[
  [
    "enter",
    {
      "end": {
        "_bufferIndex": -1,
        "_index": 1,
        "column": 6,
        "line": 1,
        "offset": 5,
      },
      "start": {
        "_bufferIndex": 0,
        "_index": 0,
        "column": 1,
        "line": 1,
        "offset": 0,
      },
      "type": "equivalenceClass",
    },
  ],
  [
    "enter",
    {
      "end": {
        "_bufferIndex": 3,
        "_index": 0,
        "column": 4,
        "line": 1,
        "offset": 3,
      },
      "start": {
        "_bufferIndex": 2,
        "_index": 0,
        "column": 3,
        "line": 1,
        "offset": 2,
      },
      "type": "equivalenceClassValue",
      "value": "1",
    },
  ],
  [
    "exit",
    {
      "end": {
        "_bufferIndex": 3,
        "_index": 0,
        "column": 4,
        "line": 1,
        "offset": 3,
      },
      "start": {
        "_bufferIndex": 2,
        "_index": 0,
        "column": 3,
        "line": 1,
        "offset": 2,
      },
      "type": "equivalenceClassValue",
      "value": "1",
    },
  ],
  [
    "exit",
    {
      "end": {
        "_bufferIndex": -1,
        "_index": 1,
        "column": 6,
        "line": 1,
        "offset": 5,
      },
      "start": {
        "_bufferIndex": 0,
        "_index": 0,
        "column": 1,
        "line": 1,
        "offset": 0,
      },
      "type": "equivalenceClass",
    },
  ],
]
`;

exports[`unit:tokenize/constructs/equivalenceClass > should tokenize equivalence classes ("[=E=]") 1`] = `
[
  [
    "enter",
    {
      "end": {
        "_bufferIndex": -1,
        "_index": 1,
        "column": 6,
        "line": 1,
        "offset": 5,
      },
      "start": {
        "_bufferIndex": 0,
        "_index": 0,
        "column": 1,
        "line": 1,
        "offset": 0,
      },
      "type": "equivalenceClass",
    },
  ],
  [
    "enter",
    {
      "end": {
        "_bufferIndex": 3,
        "_index": 0,
        "column": 4,
        "line": 1,
        "offset": 3,
      },
      "start": {
        "_bufferIndex": 2,
        "_index": 0,
        "column": 3,
        "line": 1,
        "offset": 2,
      },
      "type": "equivalenceClassValue",
      "value": "E",
    },
  ],
  [
    "exit",
    {
      "end": {
        "_bufferIndex": 3,
        "_index": 0,
        "column": 4,
        "line": 1,
        "offset": 3,
      },
      "start": {
        "_bufferIndex": 2,
        "_index": 0,
        "column": 3,
        "line": 1,
        "offset": 2,
      },
      "type": "equivalenceClassValue",
      "value": "E",
    },
  ],
  [
    "exit",
    {
      "end": {
        "_bufferIndex": -1,
        "_index": 1,
        "column": 6,
        "line": 1,
        "offset": 5,
      },
      "start": {
        "_bufferIndex": 0,
        "_index": 0,
        "column": 1,
        "line": 1,
        "offset": 0,
      },
      "type": "equivalenceClass",
    },
  ],
]
`;

exports[`unit:tokenize/constructs/equivalenceClass > should tokenize equivalence classes ("[=a=]") 1`] = `
[
  [
    "enter",
    {
      "end": {
        "_bufferIndex": -1,
        "_index": 1,
        "column": 6,
        "line": 1,
        "offset": 5,
      },
      "start": {
        "_bufferIndex": 0,
        "_index": 0,
        "column": 1,
        "line": 1,
        "offset": 0,
      },
      "type": "equivalenceClass",
    },
  ],
  [
    "enter",
    {
      "end": {
        "_bufferIndex": 3,
        "_index": 0,
        "column": 4,
        "line": 1,
        "offset": 3,
      },
      "start": {
        "_bufferIndex": 2,
        "_index": 0,
        "column": 3,
        "line": 1,
        "offset": 2,
      },
      "type": "equivalenceClassValue",
      "value": "a",
    },
  ],
  [
    "exit",
    {
      "end": {
        "_bufferIndex": 3,
        "_index": 0,
        "column": 4,
        "line": 1,
        "offset": 3,
      },
      "start": {
        "_bufferIndex": 2,
        "_index": 0,
        "column": 3,
        "line": 1,
        "offset": 2,
      },
      "type": "equivalenceClassValue",
      "value": "a",
    },
  ],
  [
    "exit",
    {
      "end": {
        "_bufferIndex": -1,
        "_index": 1,
        "column": 6,
        "line": 1,
        "offset": 5,
      },
      "start": {
        "_bufferIndex": 0,
        "_index": 0,
        "column": 1,
        "line": 1,
        "offset": 0,
      },
      "type": "equivalenceClass",
    },
  ],
]
`;
