// Vitest Snapshot v1, https://vitest.dev/guide/snapshot.html

exports[`unit:tokenize/tokenize > should return list of events ("!**") 1`] = `
[
  [
    "enter",
    {
      "end": {
        "_bufferIndex": 1,
        "_index": 0,
        "column": 2,
        "line": 1,
        "offset": 1,
      },
      "start": {
        "_bufferIndex": 0,
        "_index": 0,
        "column": 1,
        "line": 1,
        "offset": 0,
      },
      "type": "patternNegation",
      "value": "!",
    },
  ],
  [
    "exit",
    {
      "end": {
        "_bufferIndex": 1,
        "_index": 0,
        "column": 2,
        "line": 1,
        "offset": 1,
      },
      "start": {
        "_bufferIndex": 0,
        "_index": 0,
        "column": 1,
        "line": 1,
        "offset": 0,
      },
      "type": "patternNegation",
      "value": "!",
    },
  ],
  [
    "enter",
    {
      "end": {
        "_bufferIndex": -1,
        "_index": 1,
        "column": 4,
        "line": 1,
        "offset": 3,
      },
      "globstar": true,
      "start": {
        "_bufferIndex": 0,
        "_index": 0,
        "column": 2,
        "line": 1,
        "offset": 1,
      },
      "type": "asterisk",
      "value": "**",
    },
  ],
  [
    "exit",
    {
      "end": {
        "_bufferIndex": -1,
        "_index": 1,
        "column": 4,
        "line": 1,
        "offset": 3,
      },
      "globstar": true,
      "start": {
        "_bufferIndex": 0,
        "_index": 0,
        "column": 2,
        "line": 1,
        "offset": 1,
      },
      "type": "asterisk",
      "value": "**",
    },
  ],
  [
    "enter",
    {
      "end": {
        "_bufferIndex": -1,
        "_index": 2,
        "column": 4,
        "line": 1,
        "offset": 3,
      },
      "start": {
        "_bufferIndex": -1,
        "_index": 1,
        "column": 4,
        "line": 1,
        "offset": 3,
      },
      "type": "eoc",
    },
  ],
  [
    "exit",
    {
      "end": {
        "_bufferIndex": -1,
        "_index": 2,
        "column": 4,
        "line": 1,
        "offset": 3,
      },
      "start": {
        "_bufferIndex": -1,
        "_index": 1,
        "column": 4,
        "line": 1,
        "offset": 3,
      },
      "type": "eoc",
    },
  ],
]
`;

exports[`unit:tokenize/tokenize > should return list of events ("!a/b/c*") 1`] = `
[
  [
    "enter",
    {
      "end": {
        "_bufferIndex": 1,
        "_index": 0,
        "column": 2,
        "line": 1,
        "offset": 1,
      },
      "start": {
        "_bufferIndex": 0,
        "_index": 0,
        "column": 1,
        "line": 1,
        "offset": 0,
      },
      "type": "patternNegation",
      "value": "!",
    },
  ],
  [
    "exit",
    {
      "end": {
        "_bufferIndex": 1,
        "_index": 0,
        "column": 2,
        "line": 1,
        "offset": 1,
      },
      "start": {
        "_bufferIndex": 0,
        "_index": 0,
        "column": 1,
        "line": 1,
        "offset": 0,
      },
      "type": "patternNegation",
      "value": "!",
    },
  ],
  [
    "enter",
    {
      "end": {
        "_bufferIndex": -1,
        "_index": 1,
        "column": 3,
        "line": 1,
        "offset": 2,
      },
      "start": {
        "_bufferIndex": 0,
        "_index": 0,
        "column": 2,
        "line": 1,
        "offset": 1,
      },
      "type": "literal",
      "value": "a",
    },
  ],
  [
    "exit",
    {
      "end": {
        "_bufferIndex": -1,
        "_index": 1,
        "column": 3,
        "line": 1,
        "offset": 2,
      },
      "start": {
        "_bufferIndex": 0,
        "_index": 0,
        "column": 2,
        "line": 1,
        "offset": 1,
      },
      "type": "literal",
      "value": "a",
    },
  ],
  [
    "enter",
    {
      "end": {
        "_bufferIndex": 3,
        "_index": 0,
        "column": 4,
        "line": 1,
        "offset": 3,
      },
      "start": {
        "_bufferIndex": 2,
        "_index": 0,
        "column": 3,
        "line": 1,
        "offset": 2,
      },
      "type": "separator",
      "value": "/",
    },
  ],
  [
    "exit",
    {
      "end": {
        "_bufferIndex": 3,
        "_index": 0,
        "column": 4,
        "line": 1,
        "offset": 3,
      },
      "start": {
        "_bufferIndex": 2,
        "_index": 0,
        "column": 3,
        "line": 1,
        "offset": 2,
      },
      "type": "separator",
      "value": "/",
    },
  ],
  [
    "enter",
    {
      "end": {
        "_bufferIndex": -1,
        "_index": 1,
        "column": 5,
        "line": 1,
        "offset": 4,
      },
      "start": {
        "_bufferIndex": 0,
        "_index": 0,
        "column": 4,
        "line": 1,
        "offset": 3,
      },
      "type": "literal",
      "value": "b",
    },
  ],
  [
    "exit",
    {
      "end": {
        "_bufferIndex": -1,
        "_index": 1,
        "column": 5,
        "line": 1,
        "offset": 4,
      },
      "start": {
        "_bufferIndex": 0,
        "_index": 0,
        "column": 4,
        "line": 1,
        "offset": 3,
      },
      "type": "literal",
      "value": "b",
    },
  ],
  [
    "enter",
    {
      "end": {
        "_bufferIndex": 5,
        "_index": 0,
        "column": 6,
        "line": 1,
        "offset": 5,
      },
      "start": {
        "_bufferIndex": 4,
        "_index": 0,
        "column": 5,
        "line": 1,
        "offset": 4,
      },
      "type": "separator",
      "value": "/",
    },
  ],
  [
    "exit",
    {
      "end": {
        "_bufferIndex": 5,
        "_index": 0,
        "column": 6,
        "line": 1,
        "offset": 5,
      },
      "start": {
        "_bufferIndex": 4,
        "_index": 0,
        "column": 5,
        "line": 1,
        "offset": 4,
      },
      "type": "separator",
      "value": "/",
    },
  ],
  [
    "enter",
    {
      "end": {
        "_bufferIndex": 1,
        "_index": 0,
        "column": 7,
        "line": 1,
        "offset": 6,
      },
      "start": {
        "_bufferIndex": 0,
        "_index": 0,
        "column": 6,
        "line": 1,
        "offset": 5,
      },
      "type": "literal",
      "value": "c",
    },
  ],
  [
    "exit",
    {
      "end": {
        "_bufferIndex": 1,
        "_index": 0,
        "column": 7,
        "line": 1,
        "offset": 6,
      },
      "start": {
        "_bufferIndex": 0,
        "_index": 0,
        "column": 6,
        "line": 1,
        "offset": 5,
      },
      "type": "literal",
      "value": "c",
    },
  ],
  [
    "enter",
    {
      "end": {
        "_bufferIndex": -1,
        "_index": 1,
        "column": 8,
        "line": 1,
        "offset": 7,
      },
      "globstar": false,
      "start": {
        "_bufferIndex": 1,
        "_index": 0,
        "column": 7,
        "line": 1,
        "offset": 6,
      },
      "type": "asterisk",
      "value": "*",
    },
  ],
  [
    "exit",
    {
      "end": {
        "_bufferIndex": -1,
        "_index": 1,
        "column": 8,
        "line": 1,
        "offset": 7,
      },
      "globstar": false,
      "start": {
        "_bufferIndex": 1,
        "_index": 0,
        "column": 7,
        "line": 1,
        "offset": 6,
      },
      "type": "asterisk",
      "value": "*",
    },
  ],
  [
    "enter",
    {
      "end": {
        "_bufferIndex": -1,
        "_index": 2,
        "column": 8,
        "line": 1,
        "offset": 7,
      },
      "start": {
        "_bufferIndex": -1,
        "_index": 1,
        "column": 8,
        "line": 1,
        "offset": 7,
      },
      "type": "eoc",
    },
  ],
  [
    "exit",
    {
      "end": {
        "_bufferIndex": -1,
        "_index": 2,
        "column": 8,
        "line": 1,
        "offset": 7,
      },
      "start": {
        "_bufferIndex": -1,
        "_index": 1,
        "column": 8,
        "line": 1,
        "offset": 7,
      },
      "type": "eoc",
    },
  ],
]
`;

exports[`unit:tokenize/tokenize > should return list of events ("") 1`] = `
[
  [
    "enter",
    {
      "end": {
        "_bufferIndex": -1,
        "_index": 1,
        "column": 1,
        "line": 1,
        "offset": 0,
      },
      "start": {
        "_bufferIndex": -1,
        "_index": 0,
        "column": 1,
        "line": 1,
        "offset": 0,
      },
      "type": "literal",
      "value": "",
    },
  ],
  [
    "exit",
    {
      "end": {
        "_bufferIndex": -1,
        "_index": 1,
        "column": 1,
        "line": 1,
        "offset": 0,
      },
      "start": {
        "_bufferIndex": -1,
        "_index": 0,
        "column": 1,
        "line": 1,
        "offset": 0,
      },
      "type": "literal",
      "value": "",
    },
  ],
  [
    "enter",
    {
      "end": {
        "_bufferIndex": -1,
        "_index": 2,
        "column": 1,
        "line": 1,
        "offset": 0,
      },
      "start": {
        "_bufferIndex": -1,
        "_index": 1,
        "column": 1,
        "line": 1,
        "offset": 0,
      },
      "type": "eoc",
    },
  ],
  [
    "exit",
    {
      "end": {
        "_bufferIndex": -1,
        "_index": 2,
        "column": 1,
        "line": 1,
        "offset": 0,
      },
      "start": {
        "_bufferIndex": -1,
        "_index": 1,
        "column": 1,
        "line": 1,
        "offset": 0,
      },
      "type": "eoc",
    },
  ],
]
`;

exports[`unit:tokenize/tokenize > should return list of events ("*") 1`] = `
[
  [
    "enter",
    {
      "end": {
        "_bufferIndex": -1,
        "_index": 1,
        "column": 2,
        "line": 1,
        "offset": 1,
      },
      "globstar": false,
      "start": {
        "_bufferIndex": 0,
        "_index": 0,
        "column": 1,
        "line": 1,
        "offset": 0,
      },
      "type": "asterisk",
      "value": "*",
    },
  ],
  [
    "exit",
    {
      "end": {
        "_bufferIndex": -1,
        "_index": 1,
        "column": 2,
        "line": 1,
        "offset": 1,
      },
      "globstar": false,
      "start": {
        "_bufferIndex": 0,
        "_index": 0,
        "column": 1,
        "line": 1,
        "offset": 0,
      },
      "type": "asterisk",
      "value": "*",
    },
  ],
  [
    "enter",
    {
      "end": {
        "_bufferIndex": -1,
        "_index": 2,
        "column": 2,
        "line": 1,
        "offset": 1,
      },
      "start": {
        "_bufferIndex": -1,
        "_index": 1,
        "column": 2,
        "line": 1,
        "offset": 1,
      },
      "type": "eoc",
    },
  ],
  [
    "exit",
    {
      "end": {
        "_bufferIndex": -1,
        "_index": 2,
        "column": 2,
        "line": 1,
        "offset": 1,
      },
      "start": {
        "_bufferIndex": -1,
        "_index": 1,
        "column": 2,
        "line": 1,
        "offset": 1,
      },
      "type": "eoc",
    },
  ],
]
`;

exports[`unit:tokenize/tokenize > should return list of events ("**") 1`] = `
[
  [
    "enter",
    {
      "end": {
        "_bufferIndex": -1,
        "_index": 1,
        "column": 3,
        "line": 1,
        "offset": 2,
      },
      "globstar": true,
      "start": {
        "_bufferIndex": 0,
        "_index": 0,
        "column": 1,
        "line": 1,
        "offset": 0,
      },
      "type": "asterisk",
      "value": "**",
    },
  ],
  [
    "exit",
    {
      "end": {
        "_bufferIndex": -1,
        "_index": 1,
        "column": 3,
        "line": 1,
        "offset": 2,
      },
      "globstar": true,
      "start": {
        "_bufferIndex": 0,
        "_index": 0,
        "column": 1,
        "line": 1,
        "offset": 0,
      },
      "type": "asterisk",
      "value": "**",
    },
  ],
  [
    "enter",
    {
      "end": {
        "_bufferIndex": -1,
        "_index": 2,
        "column": 3,
        "line": 1,
        "offset": 2,
      },
      "start": {
        "_bufferIndex": -1,
        "_index": 1,
        "column": 3,
        "line": 1,
        "offset": 2,
      },
      "type": "eoc",
    },
  ],
  [
    "exit",
    {
      "end": {
        "_bufferIndex": -1,
        "_index": 2,
        "column": 3,
        "line": 1,
        "offset": 2,
      },
      "start": {
        "_bufferIndex": -1,
        "_index": 1,
        "column": 3,
        "line": 1,
        "offset": 2,
      },
      "type": "eoc",
    },
  ],
]
`;

exports[`unit:tokenize/tokenize > should return list of events ("*****\\\\*****") 1`] = `
[
  [
    "enter",
    {
      "end": {
        "_bufferIndex": -1,
        "_index": 1,
        "column": 6,
        "line": 1,
        "offset": 5,
      },
      "globstar": false,
      "start": {
        "_bufferIndex": 0,
        "_index": 0,
        "column": 1,
        "line": 1,
        "offset": 0,
      },
      "type": "asterisk",
      "value": "*****",
    },
  ],
  [
    "exit",
    {
      "end": {
        "_bufferIndex": -1,
        "_index": 1,
        "column": 6,
        "line": 1,
        "offset": 5,
      },
      "globstar": false,
      "start": {
        "_bufferIndex": 0,
        "_index": 0,
        "column": 1,
        "line": 1,
        "offset": 0,
      },
      "type": "asterisk",
      "value": "*****",
    },
  ],
  [
    "enter",
    {
      "end": {
        "_bufferIndex": 7,
        "_index": 0,
        "column": 8,
        "line": 1,
        "offset": 7,
      },
      "start": {
        "_bufferIndex": 5,
        "_index": 0,
        "column": 6,
        "line": 1,
        "offset": 5,
      },
      "type": "escape",
      "value": "\\*",
    },
  ],
  [
    "enter",
    {
      "end": {
        "_bufferIndex": 6,
        "_index": 0,
        "column": 7,
        "line": 1,
        "offset": 6,
      },
      "start": {
        "_bufferIndex": 5,
        "_index": 0,
        "column": 6,
        "line": 1,
        "offset": 5,
      },
      "type": "escapeMarker",
      "value": "\\",
    },
  ],
  [
    "exit",
    {
      "end": {
        "_bufferIndex": 6,
        "_index": 0,
        "column": 7,
        "line": 1,
        "offset": 6,
      },
      "start": {
        "_bufferIndex": 5,
        "_index": 0,
        "column": 6,
        "line": 1,
        "offset": 5,
      },
      "type": "escapeMarker",
      "value": "\\",
    },
  ],
  [
    "enter",
    {
      "end": {
        "_bufferIndex": 7,
        "_index": 0,
        "column": 8,
        "line": 1,
        "offset": 7,
      },
      "start": {
        "_bufferIndex": 6,
        "_index": 0,
        "column": 7,
        "line": 1,
        "offset": 6,
      },
      "type": "escapeValue",
      "value": "*",
    },
  ],
  [
    "exit",
    {
      "end": {
        "_bufferIndex": 7,
        "_index": 0,
        "column": 8,
        "line": 1,
        "offset": 7,
      },
      "start": {
        "_bufferIndex": 6,
        "_index": 0,
        "column": 7,
        "line": 1,
        "offset": 6,
      },
      "type": "escapeValue",
      "value": "*",
    },
  ],
  [
    "exit",
    {
      "end": {
        "_bufferIndex": 7,
        "_index": 0,
        "column": 8,
        "line": 1,
        "offset": 7,
      },
      "start": {
        "_bufferIndex": 5,
        "_index": 0,
        "column": 6,
        "line": 1,
        "offset": 5,
      },
      "type": "escape",
      "value": "\\*",
    },
  ],
  [
    "enter",
    {
      "end": {
        "_bufferIndex": -1,
        "_index": 1,
        "column": 12,
        "line": 1,
        "offset": 11,
      },
      "globstar": false,
      "start": {
        "_bufferIndex": 0,
        "_index": 0,
        "column": 8,
        "line": 1,
        "offset": 7,
      },
      "type": "asterisk",
      "value": "****",
    },
  ],
  [
    "exit",
    {
      "end": {
        "_bufferIndex": -1,
        "_index": 1,
        "column": 12,
        "line": 1,
        "offset": 11,
      },
      "globstar": false,
      "start": {
        "_bufferIndex": 0,
        "_index": 0,
        "column": 8,
        "line": 1,
        "offset": 7,
      },
      "type": "asterisk",
      "value": "****",
    },
  ],
  [
    "enter",
    {
      "end": {
        "_bufferIndex": -1,
        "_index": 2,
        "column": 12,
        "line": 1,
        "offset": 11,
      },
      "start": {
        "_bufferIndex": -1,
        "_index": 1,
        "column": 12,
        "line": 1,
        "offset": 11,
      },
      "type": "eoc",
    },
  ],
  [
    "exit",
    {
      "end": {
        "_bufferIndex": -1,
        "_index": 2,
        "column": 12,
        "line": 1,
        "offset": 11,
      },
      "start": {
        "_bufferIndex": -1,
        "_index": 1,
        "column": 12,
        "line": 1,
        "offset": 11,
      },
      "type": "eoc",
    },
  ],
]
`;

exports[`unit:tokenize/tokenize > should return list of events ("**/(a|b)/*.{mts,md}") 1`] = `
[
  [
    "enter",
    {
      "end": {
        "_bufferIndex": -1,
        "_index": 1,
        "column": 3,
        "line": 1,
        "offset": 2,
      },
      "globstar": true,
      "start": {
        "_bufferIndex": 0,
        "_index": 0,
        "column": 1,
        "line": 1,
        "offset": 0,
      },
      "type": "asterisk",
      "value": "**",
    },
  ],
  [
    "exit",
    {
      "end": {
        "_bufferIndex": -1,
        "_index": 1,
        "column": 3,
        "line": 1,
        "offset": 2,
      },
      "globstar": true,
      "start": {
        "_bufferIndex": 0,
        "_index": 0,
        "column": 1,
        "line": 1,
        "offset": 0,
      },
      "type": "asterisk",
      "value": "**",
    },
  ],
  [
    "enter",
    {
      "end": {
        "_bufferIndex": 3,
        "_index": 0,
        "column": 4,
        "line": 1,
        "offset": 3,
      },
      "start": {
        "_bufferIndex": 2,
        "_index": 0,
        "column": 3,
        "line": 1,
        "offset": 2,
      },
      "type": "separator",
      "value": "/",
    },
  ],
  [
    "exit",
    {
      "end": {
        "_bufferIndex": 3,
        "_index": 0,
        "column": 4,
        "line": 1,
        "offset": 3,
      },
      "start": {
        "_bufferIndex": 2,
        "_index": 0,
        "column": 3,
        "line": 1,
        "offset": 2,
      },
      "type": "separator",
      "value": "/",
    },
  ],
  [
    "enter",
    {
      "end": {
        "_bufferIndex": -1,
        "_index": 1,
        "column": 9,
        "line": 1,
        "offset": 8,
      },
      "start": {
        "_bufferIndex": 0,
        "_index": 0,
        "column": 4,
        "line": 1,
        "offset": 3,
      },
      "type": "literal",
      "value": "(a|b)",
    },
  ],
  [
    "exit",
    {
      "end": {
        "_bufferIndex": -1,
        "_index": 1,
        "column": 9,
        "line": 1,
        "offset": 8,
      },
      "start": {
        "_bufferIndex": 0,
        "_index": 0,
        "column": 4,
        "line": 1,
        "offset": 3,
      },
      "type": "literal",
      "value": "(a|b)",
    },
  ],
  [
    "enter",
    {
      "end": {
        "_bufferIndex": 9,
        "_index": 0,
        "column": 10,
        "line": 1,
        "offset": 9,
      },
      "start": {
        "_bufferIndex": 8,
        "_index": 0,
        "column": 9,
        "line": 1,
        "offset": 8,
      },
      "type": "separator",
      "value": "/",
    },
  ],
  [
    "exit",
    {
      "end": {
        "_bufferIndex": 9,
        "_index": 0,
        "column": 10,
        "line": 1,
        "offset": 9,
      },
      "start": {
        "_bufferIndex": 8,
        "_index": 0,
        "column": 9,
        "line": 1,
        "offset": 8,
      },
      "type": "separator",
      "value": "/",
    },
  ],
  [
    "enter",
    {
      "end": {
        "_bufferIndex": 1,
        "_index": 0,
        "column": 11,
        "line": 1,
        "offset": 10,
      },
      "globstar": false,
      "start": {
        "_bufferIndex": 0,
        "_index": 0,
        "column": 10,
        "line": 1,
        "offset": 9,
      },
      "type": "asterisk",
      "value": "*",
    },
  ],
  [
    "exit",
    {
      "end": {
        "_bufferIndex": 1,
        "_index": 0,
        "column": 11,
        "line": 1,
        "offset": 10,
      },
      "globstar": false,
      "start": {
        "_bufferIndex": 0,
        "_index": 0,
        "column": 10,
        "line": 1,
        "offset": 9,
      },
      "type": "asterisk",
      "value": "*",
    },
  ],
  [
    "enter",
    {
      "end": {
        "_bufferIndex": -1,
        "_index": 1,
        "column": 20,
        "line": 1,
        "offset": 19,
      },
      "start": {
        "_bufferIndex": 1,
        "_index": 0,
        "column": 11,
        "line": 1,
        "offset": 10,
      },
      "type": "literal",
      "value": ".{mts,md}",
    },
  ],
  [
    "exit",
    {
      "end": {
        "_bufferIndex": -1,
        "_index": 1,
        "column": 20,
        "line": 1,
        "offset": 19,
      },
      "start": {
        "_bufferIndex": 1,
        "_index": 0,
        "column": 11,
        "line": 1,
        "offset": 10,
      },
      "type": "literal",
      "value": ".{mts,md}",
    },
  ],
  [
    "enter",
    {
      "end": {
        "_bufferIndex": -1,
        "_index": 2,
        "column": 20,
        "line": 1,
        "offset": 19,
      },
      "start": {
        "_bufferIndex": -1,
        "_index": 1,
        "column": 20,
        "line": 1,
        "offset": 19,
      },
      "type": "eoc",
    },
  ],
  [
    "exit",
    {
      "end": {
        "_bufferIndex": -1,
        "_index": 2,
        "column": 20,
        "line": 1,
        "offset": 19,
      },
      "start": {
        "_bufferIndex": -1,
        "_index": 1,
        "column": 20,
        "line": 1,
        "offset": 19,
      },
      "type": "eoc",
    },
  ],
]
`;

exports[`unit:tokenize/tokenize > should return list of events ("**/[a-z]/*.{mts,md}") 1`] = `
[
  [
    "enter",
    {
      "end": {
        "_bufferIndex": -1,
        "_index": 1,
        "column": 3,
        "line": 1,
        "offset": 2,
      },
      "globstar": true,
      "start": {
        "_bufferIndex": 0,
        "_index": 0,
        "column": 1,
        "line": 1,
        "offset": 0,
      },
      "type": "asterisk",
      "value": "**",
    },
  ],
  [
    "exit",
    {
      "end": {
        "_bufferIndex": -1,
        "_index": 1,
        "column": 3,
        "line": 1,
        "offset": 2,
      },
      "globstar": true,
      "start": {
        "_bufferIndex": 0,
        "_index": 0,
        "column": 1,
        "line": 1,
        "offset": 0,
      },
      "type": "asterisk",
      "value": "**",
    },
  ],
  [
    "enter",
    {
      "end": {
        "_bufferIndex": 3,
        "_index": 0,
        "column": 4,
        "line": 1,
        "offset": 3,
      },
      "start": {
        "_bufferIndex": 2,
        "_index": 0,
        "column": 3,
        "line": 1,
        "offset": 2,
      },
      "type": "separator",
      "value": "/",
    },
  ],
  [
    "exit",
    {
      "end": {
        "_bufferIndex": 3,
        "_index": 0,
        "column": 4,
        "line": 1,
        "offset": 3,
      },
      "start": {
        "_bufferIndex": 2,
        "_index": 0,
        "column": 3,
        "line": 1,
        "offset": 2,
      },
      "type": "separator",
      "value": "/",
    },
  ],
  [
    "enter",
    {
      "end": {
        "_bufferIndex": -1,
        "_index": 1,
        "column": 9,
        "line": 1,
        "offset": 8,
      },
      "start": {
        "_bufferIndex": 0,
        "_index": 0,
        "column": 4,
        "line": 1,
        "offset": 3,
      },
      "type": "literal",
      "value": "[a-z]",
    },
  ],
  [
    "exit",
    {
      "end": {
        "_bufferIndex": -1,
        "_index": 1,
        "column": 9,
        "line": 1,
        "offset": 8,
      },
      "start": {
        "_bufferIndex": 0,
        "_index": 0,
        "column": 4,
        "line": 1,
        "offset": 3,
      },
      "type": "literal",
      "value": "[a-z]",
    },
  ],
  [
    "enter",
    {
      "end": {
        "_bufferIndex": 9,
        "_index": 0,
        "column": 10,
        "line": 1,
        "offset": 9,
      },
      "start": {
        "_bufferIndex": 8,
        "_index": 0,
        "column": 9,
        "line": 1,
        "offset": 8,
      },
      "type": "separator",
      "value": "/",
    },
  ],
  [
    "exit",
    {
      "end": {
        "_bufferIndex": 9,
        "_index": 0,
        "column": 10,
        "line": 1,
        "offset": 9,
      },
      "start": {
        "_bufferIndex": 8,
        "_index": 0,
        "column": 9,
        "line": 1,
        "offset": 8,
      },
      "type": "separator",
      "value": "/",
    },
  ],
  [
    "enter",
    {
      "end": {
        "_bufferIndex": 1,
        "_index": 0,
        "column": 11,
        "line": 1,
        "offset": 10,
      },
      "globstar": false,
      "start": {
        "_bufferIndex": 0,
        "_index": 0,
        "column": 10,
        "line": 1,
        "offset": 9,
      },
      "type": "asterisk",
      "value": "*",
    },
  ],
  [
    "exit",
    {
      "end": {
        "_bufferIndex": 1,
        "_index": 0,
        "column": 11,
        "line": 1,
        "offset": 10,
      },
      "globstar": false,
      "start": {
        "_bufferIndex": 0,
        "_index": 0,
        "column": 10,
        "line": 1,
        "offset": 9,
      },
      "type": "asterisk",
      "value": "*",
    },
  ],
  [
    "enter",
    {
      "end": {
        "_bufferIndex": -1,
        "_index": 1,
        "column": 20,
        "line": 1,
        "offset": 19,
      },
      "start": {
        "_bufferIndex": 1,
        "_index": 0,
        "column": 11,
        "line": 1,
        "offset": 10,
      },
      "type": "literal",
      "value": ".{mts,md}",
    },
  ],
  [
    "exit",
    {
      "end": {
        "_bufferIndex": -1,
        "_index": 1,
        "column": 20,
        "line": 1,
        "offset": 19,
      },
      "start": {
        "_bufferIndex": 1,
        "_index": 0,
        "column": 11,
        "line": 1,
        "offset": 10,
      },
      "type": "literal",
      "value": ".{mts,md}",
    },
  ],
  [
    "enter",
    {
      "end": {
        "_bufferIndex": -1,
        "_index": 2,
        "column": 20,
        "line": 1,
        "offset": 19,
      },
      "start": {
        "_bufferIndex": -1,
        "_index": 1,
        "column": 20,
        "line": 1,
        "offset": 19,
      },
      "type": "eoc",
    },
  ],
  [
    "exit",
    {
      "end": {
        "_bufferIndex": -1,
        "_index": 2,
        "column": 20,
        "line": 1,
        "offset": 19,
      },
      "start": {
        "_bufferIndex": -1,
        "_index": 1,
        "column": 20,
        "line": 1,
        "offset": 19,
      },
      "type": "eoc",
    },
  ],
]
`;

exports[`unit:tokenize/tokenize > should return list of events ("**/{1..10..2}/*.mts") 1`] = `
[
  [
    "enter",
    {
      "end": {
        "_bufferIndex": -1,
        "_index": 1,
        "column": 3,
        "line": 1,
        "offset": 2,
      },
      "globstar": true,
      "start": {
        "_bufferIndex": 0,
        "_index": 0,
        "column": 1,
        "line": 1,
        "offset": 0,
      },
      "type": "asterisk",
      "value": "**",
    },
  ],
  [
    "exit",
    {
      "end": {
        "_bufferIndex": -1,
        "_index": 1,
        "column": 3,
        "line": 1,
        "offset": 2,
      },
      "globstar": true,
      "start": {
        "_bufferIndex": 0,
        "_index": 0,
        "column": 1,
        "line": 1,
        "offset": 0,
      },
      "type": "asterisk",
      "value": "**",
    },
  ],
  [
    "enter",
    {
      "end": {
        "_bufferIndex": 3,
        "_index": 0,
        "column": 4,
        "line": 1,
        "offset": 3,
      },
      "start": {
        "_bufferIndex": 2,
        "_index": 0,
        "column": 3,
        "line": 1,
        "offset": 2,
      },
      "type": "separator",
      "value": "/",
    },
  ],
  [
    "exit",
    {
      "end": {
        "_bufferIndex": 3,
        "_index": 0,
        "column": 4,
        "line": 1,
        "offset": 3,
      },
      "start": {
        "_bufferIndex": 2,
        "_index": 0,
        "column": 3,
        "line": 1,
        "offset": 2,
      },
      "type": "separator",
      "value": "/",
    },
  ],
  [
    "enter",
    {
      "end": {
        "_bufferIndex": -1,
        "_index": 1,
        "column": 14,
        "line": 1,
        "offset": 13,
      },
      "start": {
        "_bufferIndex": 0,
        "_index": 0,
        "column": 4,
        "line": 1,
        "offset": 3,
      },
      "type": "literal",
      "value": "{1..10..2}",
    },
  ],
  [
    "exit",
    {
      "end": {
        "_bufferIndex": -1,
        "_index": 1,
        "column": 14,
        "line": 1,
        "offset": 13,
      },
      "start": {
        "_bufferIndex": 0,
        "_index": 0,
        "column": 4,
        "line": 1,
        "offset": 3,
      },
      "type": "literal",
      "value": "{1..10..2}",
    },
  ],
  [
    "enter",
    {
      "end": {
        "_bufferIndex": 14,
        "_index": 0,
        "column": 15,
        "line": 1,
        "offset": 14,
      },
      "start": {
        "_bufferIndex": 13,
        "_index": 0,
        "column": 14,
        "line": 1,
        "offset": 13,
      },
      "type": "separator",
      "value": "/",
    },
  ],
  [
    "exit",
    {
      "end": {
        "_bufferIndex": 14,
        "_index": 0,
        "column": 15,
        "line": 1,
        "offset": 14,
      },
      "start": {
        "_bufferIndex": 13,
        "_index": 0,
        "column": 14,
        "line": 1,
        "offset": 13,
      },
      "type": "separator",
      "value": "/",
    },
  ],
  [
    "enter",
    {
      "end": {
        "_bufferIndex": 1,
        "_index": 0,
        "column": 16,
        "line": 1,
        "offset": 15,
      },
      "globstar": false,
      "start": {
        "_bufferIndex": 0,
        "_index": 0,
        "column": 15,
        "line": 1,
        "offset": 14,
      },
      "type": "asterisk",
      "value": "*",
    },
  ],
  [
    "exit",
    {
      "end": {
        "_bufferIndex": 1,
        "_index": 0,
        "column": 16,
        "line": 1,
        "offset": 15,
      },
      "globstar": false,
      "start": {
        "_bufferIndex": 0,
        "_index": 0,
        "column": 15,
        "line": 1,
        "offset": 14,
      },
      "type": "asterisk",
      "value": "*",
    },
  ],
  [
    "enter",
    {
      "end": {
        "_bufferIndex": -1,
        "_index": 1,
        "column": 20,
        "line": 1,
        "offset": 19,
      },
      "start": {
        "_bufferIndex": 1,
        "_index": 0,
        "column": 16,
        "line": 1,
        "offset": 15,
      },
      "type": "literal",
      "value": ".mts",
    },
  ],
  [
    "exit",
    {
      "end": {
        "_bufferIndex": -1,
        "_index": 1,
        "column": 20,
        "line": 1,
        "offset": 19,
      },
      "start": {
        "_bufferIndex": 1,
        "_index": 0,
        "column": 16,
        "line": 1,
        "offset": 15,
      },
      "type": "literal",
      "value": ".mts",
    },
  ],
  [
    "enter",
    {
      "end": {
        "_bufferIndex": -1,
        "_index": 2,
        "column": 20,
        "line": 1,
        "offset": 19,
      },
      "start": {
        "_bufferIndex": -1,
        "_index": 1,
        "column": 20,
        "line": 1,
        "offset": 19,
      },
      "type": "eoc",
    },
  ],
  [
    "exit",
    {
      "end": {
        "_bufferIndex": -1,
        "_index": 2,
        "column": 20,
        "line": 1,
        "offset": 19,
      },
      "start": {
        "_bufferIndex": -1,
        "_index": 1,
        "column": 20,
        "line": 1,
        "offset": 19,
      },
      "type": "eoc",
    },
  ],
]
`;

exports[`unit:tokenize/tokenize > should return list of events ("**/{1..10}/*.mts") 1`] = `
[
  [
    "enter",
    {
      "end": {
        "_bufferIndex": -1,
        "_index": 1,
        "column": 3,
        "line": 1,
        "offset": 2,
      },
      "globstar": true,
      "start": {
        "_bufferIndex": 0,
        "_index": 0,
        "column": 1,
        "line": 1,
        "offset": 0,
      },
      "type": "asterisk",
      "value": "**",
    },
  ],
  [
    "exit",
    {
      "end": {
        "_bufferIndex": -1,
        "_index": 1,
        "column": 3,
        "line": 1,
        "offset": 2,
      },
      "globstar": true,
      "start": {
        "_bufferIndex": 0,
        "_index": 0,
        "column": 1,
        "line": 1,
        "offset": 0,
      },
      "type": "asterisk",
      "value": "**",
    },
  ],
  [
    "enter",
    {
      "end": {
        "_bufferIndex": 3,
        "_index": 0,
        "column": 4,
        "line": 1,
        "offset": 3,
      },
      "start": {
        "_bufferIndex": 2,
        "_index": 0,
        "column": 3,
        "line": 1,
        "offset": 2,
      },
      "type": "separator",
      "value": "/",
    },
  ],
  [
    "exit",
    {
      "end": {
        "_bufferIndex": 3,
        "_index": 0,
        "column": 4,
        "line": 1,
        "offset": 3,
      },
      "start": {
        "_bufferIndex": 2,
        "_index": 0,
        "column": 3,
        "line": 1,
        "offset": 2,
      },
      "type": "separator",
      "value": "/",
    },
  ],
  [
    "enter",
    {
      "end": {
        "_bufferIndex": -1,
        "_index": 1,
        "column": 11,
        "line": 1,
        "offset": 10,
      },
      "start": {
        "_bufferIndex": 0,
        "_index": 0,
        "column": 4,
        "line": 1,
        "offset": 3,
      },
      "type": "literal",
      "value": "{1..10}",
    },
  ],
  [
    "exit",
    {
      "end": {
        "_bufferIndex": -1,
        "_index": 1,
        "column": 11,
        "line": 1,
        "offset": 10,
      },
      "start": {
        "_bufferIndex": 0,
        "_index": 0,
        "column": 4,
        "line": 1,
        "offset": 3,
      },
      "type": "literal",
      "value": "{1..10}",
    },
  ],
  [
    "enter",
    {
      "end": {
        "_bufferIndex": 11,
        "_index": 0,
        "column": 12,
        "line": 1,
        "offset": 11,
      },
      "start": {
        "_bufferIndex": 10,
        "_index": 0,
        "column": 11,
        "line": 1,
        "offset": 10,
      },
      "type": "separator",
      "value": "/",
    },
  ],
  [
    "exit",
    {
      "end": {
        "_bufferIndex": 11,
        "_index": 0,
        "column": 12,
        "line": 1,
        "offset": 11,
      },
      "start": {
        "_bufferIndex": 10,
        "_index": 0,
        "column": 11,
        "line": 1,
        "offset": 10,
      },
      "type": "separator",
      "value": "/",
    },
  ],
  [
    "enter",
    {
      "end": {
        "_bufferIndex": 1,
        "_index": 0,
        "column": 13,
        "line": 1,
        "offset": 12,
      },
      "globstar": false,
      "start": {
        "_bufferIndex": 0,
        "_index": 0,
        "column": 12,
        "line": 1,
        "offset": 11,
      },
      "type": "asterisk",
      "value": "*",
    },
  ],
  [
    "exit",
    {
      "end": {
        "_bufferIndex": 1,
        "_index": 0,
        "column": 13,
        "line": 1,
        "offset": 12,
      },
      "globstar": false,
      "start": {
        "_bufferIndex": 0,
        "_index": 0,
        "column": 12,
        "line": 1,
        "offset": 11,
      },
      "type": "asterisk",
      "value": "*",
    },
  ],
  [
    "enter",
    {
      "end": {
        "_bufferIndex": -1,
        "_index": 1,
        "column": 17,
        "line": 1,
        "offset": 16,
      },
      "start": {
        "_bufferIndex": 1,
        "_index": 0,
        "column": 13,
        "line": 1,
        "offset": 12,
      },
      "type": "literal",
      "value": ".mts",
    },
  ],
  [
    "exit",
    {
      "end": {
        "_bufferIndex": -1,
        "_index": 1,
        "column": 17,
        "line": 1,
        "offset": 16,
      },
      "start": {
        "_bufferIndex": 1,
        "_index": 0,
        "column": 13,
        "line": 1,
        "offset": 12,
      },
      "type": "literal",
      "value": ".mts",
    },
  ],
  [
    "enter",
    {
      "end": {
        "_bufferIndex": -1,
        "_index": 2,
        "column": 17,
        "line": 1,
        "offset": 16,
      },
      "start": {
        "_bufferIndex": -1,
        "_index": 1,
        "column": 17,
        "line": 1,
        "offset": 16,
      },
      "type": "eoc",
    },
  ],
  [
    "exit",
    {
      "end": {
        "_bufferIndex": -1,
        "_index": 2,
        "column": 17,
        "line": 1,
        "offset": 16,
      },
      "start": {
        "_bufferIndex": -1,
        "_index": 1,
        "column": 17,
        "line": 1,
        "offset": 16,
      },
      "type": "eoc",
    },
  ],
]
`;

exports[`unit:tokenize/tokenize > should return list of events ("**/{a,/.gitignore}") 1`] = `
[
  [
    "enter",
    {
      "end": {
        "_bufferIndex": -1,
        "_index": 1,
        "column": 3,
        "line": 1,
        "offset": 2,
      },
      "globstar": true,
      "start": {
        "_bufferIndex": 0,
        "_index": 0,
        "column": 1,
        "line": 1,
        "offset": 0,
      },
      "type": "asterisk",
      "value": "**",
    },
  ],
  [
    "exit",
    {
      "end": {
        "_bufferIndex": -1,
        "_index": 1,
        "column": 3,
        "line": 1,
        "offset": 2,
      },
      "globstar": true,
      "start": {
        "_bufferIndex": 0,
        "_index": 0,
        "column": 1,
        "line": 1,
        "offset": 0,
      },
      "type": "asterisk",
      "value": "**",
    },
  ],
  [
    "enter",
    {
      "end": {
        "_bufferIndex": 3,
        "_index": 0,
        "column": 4,
        "line": 1,
        "offset": 3,
      },
      "start": {
        "_bufferIndex": 2,
        "_index": 0,
        "column": 3,
        "line": 1,
        "offset": 2,
      },
      "type": "separator",
      "value": "/",
    },
  ],
  [
    "exit",
    {
      "end": {
        "_bufferIndex": 3,
        "_index": 0,
        "column": 4,
        "line": 1,
        "offset": 3,
      },
      "start": {
        "_bufferIndex": 2,
        "_index": 0,
        "column": 3,
        "line": 1,
        "offset": 2,
      },
      "type": "separator",
      "value": "/",
    },
  ],
  [
    "enter",
    {
      "end": {
        "_bufferIndex": -1,
        "_index": 1,
        "column": 7,
        "line": 1,
        "offset": 6,
      },
      "start": {
        "_bufferIndex": 0,
        "_index": 0,
        "column": 4,
        "line": 1,
        "offset": 3,
      },
      "type": "literal",
      "value": "{a,",
    },
  ],
  [
    "exit",
    {
      "end": {
        "_bufferIndex": -1,
        "_index": 1,
        "column": 7,
        "line": 1,
        "offset": 6,
      },
      "start": {
        "_bufferIndex": 0,
        "_index": 0,
        "column": 4,
        "line": 1,
        "offset": 3,
      },
      "type": "literal",
      "value": "{a,",
    },
  ],
  [
    "enter",
    {
      "end": {
        "_bufferIndex": 7,
        "_index": 0,
        "column": 8,
        "line": 1,
        "offset": 7,
      },
      "start": {
        "_bufferIndex": 6,
        "_index": 0,
        "column": 7,
        "line": 1,
        "offset": 6,
      },
      "type": "separator",
      "value": "/",
    },
  ],
  [
    "exit",
    {
      "end": {
        "_bufferIndex": 7,
        "_index": 0,
        "column": 8,
        "line": 1,
        "offset": 7,
      },
      "start": {
        "_bufferIndex": 6,
        "_index": 0,
        "column": 7,
        "line": 1,
        "offset": 6,
      },
      "type": "separator",
      "value": "/",
    },
  ],
  [
    "enter",
    {
      "end": {
        "_bufferIndex": -1,
        "_index": 1,
        "column": 19,
        "line": 1,
        "offset": 18,
      },
      "start": {
        "_bufferIndex": 0,
        "_index": 0,
        "column": 8,
        "line": 1,
        "offset": 7,
      },
      "type": "literal",
      "value": ".gitignore}",
    },
  ],
  [
    "exit",
    {
      "end": {
        "_bufferIndex": -1,
        "_index": 1,
        "column": 19,
        "line": 1,
        "offset": 18,
      },
      "start": {
        "_bufferIndex": 0,
        "_index": 0,
        "column": 8,
        "line": 1,
        "offset": 7,
      },
      "type": "literal",
      "value": ".gitignore}",
    },
  ],
  [
    "enter",
    {
      "end": {
        "_bufferIndex": -1,
        "_index": 2,
        "column": 19,
        "line": 1,
        "offset": 18,
      },
      "start": {
        "_bufferIndex": -1,
        "_index": 1,
        "column": 19,
        "line": 1,
        "offset": 18,
      },
      "type": "eoc",
    },
  ],
  [
    "exit",
    {
      "end": {
        "_bufferIndex": -1,
        "_index": 2,
        "column": 19,
        "line": 1,
        "offset": 18,
      },
      "start": {
        "_bufferIndex": -1,
        "_index": 1,
        "column": 19,
        "line": 1,
        "offset": 18,
      },
      "type": "eoc",
    },
  ],
]
`;

exports[`unit:tokenize/tokenize > should return list of events ("*.{*,md,mts}") 1`] = `
[
  [
    "enter",
    {
      "end": {
        "_bufferIndex": 1,
        "_index": 0,
        "column": 2,
        "line": 1,
        "offset": 1,
      },
      "globstar": false,
      "start": {
        "_bufferIndex": 0,
        "_index": 0,
        "column": 1,
        "line": 1,
        "offset": 0,
      },
      "type": "asterisk",
      "value": "*",
    },
  ],
  [
    "exit",
    {
      "end": {
        "_bufferIndex": 1,
        "_index": 0,
        "column": 2,
        "line": 1,
        "offset": 1,
      },
      "globstar": false,
      "start": {
        "_bufferIndex": 0,
        "_index": 0,
        "column": 1,
        "line": 1,
        "offset": 0,
      },
      "type": "asterisk",
      "value": "*",
    },
  ],
  [
    "enter",
    {
      "end": {
        "_bufferIndex": 3,
        "_index": 0,
        "column": 4,
        "line": 1,
        "offset": 3,
      },
      "start": {
        "_bufferIndex": 1,
        "_index": 0,
        "column": 2,
        "line": 1,
        "offset": 1,
      },
      "type": "literal",
      "value": ".{",
    },
  ],
  [
    "exit",
    {
      "end": {
        "_bufferIndex": 3,
        "_index": 0,
        "column": 4,
        "line": 1,
        "offset": 3,
      },
      "start": {
        "_bufferIndex": 1,
        "_index": 0,
        "column": 2,
        "line": 1,
        "offset": 1,
      },
      "type": "literal",
      "value": ".{",
    },
  ],
  [
    "enter",
    {
      "end": {
        "_bufferIndex": 4,
        "_index": 0,
        "column": 5,
        "line": 1,
        "offset": 4,
      },
      "globstar": false,
      "start": {
        "_bufferIndex": 3,
        "_index": 0,
        "column": 4,
        "line": 1,
        "offset": 3,
      },
      "type": "asterisk",
      "value": "*",
    },
  ],
  [
    "exit",
    {
      "end": {
        "_bufferIndex": 4,
        "_index": 0,
        "column": 5,
        "line": 1,
        "offset": 4,
      },
      "globstar": false,
      "start": {
        "_bufferIndex": 3,
        "_index": 0,
        "column": 4,
        "line": 1,
        "offset": 3,
      },
      "type": "asterisk",
      "value": "*",
    },
  ],
  [
    "enter",
    {
      "end": {
        "_bufferIndex": -1,
        "_index": 1,
        "column": 13,
        "line": 1,
        "offset": 12,
      },
      "start": {
        "_bufferIndex": 4,
        "_index": 0,
        "column": 5,
        "line": 1,
        "offset": 4,
      },
      "type": "literal",
      "value": ",md,mts}",
    },
  ],
  [
    "exit",
    {
      "end": {
        "_bufferIndex": -1,
        "_index": 1,
        "column": 13,
        "line": 1,
        "offset": 12,
      },
      "start": {
        "_bufferIndex": 4,
        "_index": 0,
        "column": 5,
        "line": 1,
        "offset": 4,
      },
      "type": "literal",
      "value": ",md,mts}",
    },
  ],
  [
    "enter",
    {
      "end": {
        "_bufferIndex": -1,
        "_index": 2,
        "column": 13,
        "line": 1,
        "offset": 12,
      },
      "start": {
        "_bufferIndex": -1,
        "_index": 1,
        "column": 13,
        "line": 1,
        "offset": 12,
      },
      "type": "eoc",
    },
  ],
  [
    "exit",
    {
      "end": {
        "_bufferIndex": -1,
        "_index": 2,
        "column": 13,
        "line": 1,
        "offset": 12,
      },
      "start": {
        "_bufferIndex": -1,
        "_index": 1,
        "column": 13,
        "line": 1,
        "offset": 12,
      },
      "type": "eoc",
    },
  ],
]
`;

exports[`unit:tokenize/tokenize > should return list of events ("*.{*,md}") 1`] = `
[
  [
    "enter",
    {
      "end": {
        "_bufferIndex": 1,
        "_index": 0,
        "column": 2,
        "line": 1,
        "offset": 1,
      },
      "globstar": false,
      "start": {
        "_bufferIndex": 0,
        "_index": 0,
        "column": 1,
        "line": 1,
        "offset": 0,
      },
      "type": "asterisk",
      "value": "*",
    },
  ],
  [
    "exit",
    {
      "end": {
        "_bufferIndex": 1,
        "_index": 0,
        "column": 2,
        "line": 1,
        "offset": 1,
      },
      "globstar": false,
      "start": {
        "_bufferIndex": 0,
        "_index": 0,
        "column": 1,
        "line": 1,
        "offset": 0,
      },
      "type": "asterisk",
      "value": "*",
    },
  ],
  [
    "enter",
    {
      "end": {
        "_bufferIndex": 3,
        "_index": 0,
        "column": 4,
        "line": 1,
        "offset": 3,
      },
      "start": {
        "_bufferIndex": 1,
        "_index": 0,
        "column": 2,
        "line": 1,
        "offset": 1,
      },
      "type": "literal",
      "value": ".{",
    },
  ],
  [
    "exit",
    {
      "end": {
        "_bufferIndex": 3,
        "_index": 0,
        "column": 4,
        "line": 1,
        "offset": 3,
      },
      "start": {
        "_bufferIndex": 1,
        "_index": 0,
        "column": 2,
        "line": 1,
        "offset": 1,
      },
      "type": "literal",
      "value": ".{",
    },
  ],
  [
    "enter",
    {
      "end": {
        "_bufferIndex": 4,
        "_index": 0,
        "column": 5,
        "line": 1,
        "offset": 4,
      },
      "globstar": false,
      "start": {
        "_bufferIndex": 3,
        "_index": 0,
        "column": 4,
        "line": 1,
        "offset": 3,
      },
      "type": "asterisk",
      "value": "*",
    },
  ],
  [
    "exit",
    {
      "end": {
        "_bufferIndex": 4,
        "_index": 0,
        "column": 5,
        "line": 1,
        "offset": 4,
      },
      "globstar": false,
      "start": {
        "_bufferIndex": 3,
        "_index": 0,
        "column": 4,
        "line": 1,
        "offset": 3,
      },
      "type": "asterisk",
      "value": "*",
    },
  ],
  [
    "enter",
    {
      "end": {
        "_bufferIndex": -1,
        "_index": 1,
        "column": 9,
        "line": 1,
        "offset": 8,
      },
      "start": {
        "_bufferIndex": 4,
        "_index": 0,
        "column": 5,
        "line": 1,
        "offset": 4,
      },
      "type": "literal",
      "value": ",md}",
    },
  ],
  [
    "exit",
    {
      "end": {
        "_bufferIndex": -1,
        "_index": 1,
        "column": 9,
        "line": 1,
        "offset": 8,
      },
      "start": {
        "_bufferIndex": 4,
        "_index": 0,
        "column": 5,
        "line": 1,
        "offset": 4,
      },
      "type": "literal",
      "value": ",md}",
    },
  ],
  [
    "enter",
    {
      "end": {
        "_bufferIndex": -1,
        "_index": 2,
        "column": 9,
        "line": 1,
        "offset": 8,
      },
      "start": {
        "_bufferIndex": -1,
        "_index": 1,
        "column": 9,
        "line": 1,
        "offset": 8,
      },
      "type": "eoc",
    },
  ],
  [
    "exit",
    {
      "end": {
        "_bufferIndex": -1,
        "_index": 2,
        "column": 9,
        "line": 1,
        "offset": 8,
      },
      "start": {
        "_bufferIndex": -1,
        "_index": 1,
        "column": 9,
        "line": 1,
        "offset": 8,
      },
      "type": "eoc",
    },
  ],
]
`;

exports[`unit:tokenize/tokenize > should return list of events ("*.{mts,md}") 1`] = `
[
  [
    "enter",
    {
      "end": {
        "_bufferIndex": 1,
        "_index": 0,
        "column": 2,
        "line": 1,
        "offset": 1,
      },
      "globstar": false,
      "start": {
        "_bufferIndex": 0,
        "_index": 0,
        "column": 1,
        "line": 1,
        "offset": 0,
      },
      "type": "asterisk",
      "value": "*",
    },
  ],
  [
    "exit",
    {
      "end": {
        "_bufferIndex": 1,
        "_index": 0,
        "column": 2,
        "line": 1,
        "offset": 1,
      },
      "globstar": false,
      "start": {
        "_bufferIndex": 0,
        "_index": 0,
        "column": 1,
        "line": 1,
        "offset": 0,
      },
      "type": "asterisk",
      "value": "*",
    },
  ],
  [
    "enter",
    {
      "end": {
        "_bufferIndex": -1,
        "_index": 1,
        "column": 11,
        "line": 1,
        "offset": 10,
      },
      "start": {
        "_bufferIndex": 1,
        "_index": 0,
        "column": 2,
        "line": 1,
        "offset": 1,
      },
      "type": "literal",
      "value": ".{mts,md}",
    },
  ],
  [
    "exit",
    {
      "end": {
        "_bufferIndex": -1,
        "_index": 1,
        "column": 11,
        "line": 1,
        "offset": 10,
      },
      "start": {
        "_bufferIndex": 1,
        "_index": 0,
        "column": 2,
        "line": 1,
        "offset": 1,
      },
      "type": "literal",
      "value": ".{mts,md}",
    },
  ],
  [
    "enter",
    {
      "end": {
        "_bufferIndex": -1,
        "_index": 2,
        "column": 11,
        "line": 1,
        "offset": 10,
      },
      "start": {
        "_bufferIndex": -1,
        "_index": 1,
        "column": 11,
        "line": 1,
        "offset": 10,
      },
      "type": "eoc",
    },
  ],
  [
    "exit",
    {
      "end": {
        "_bufferIndex": -1,
        "_index": 2,
        "column": 11,
        "line": 1,
        "offset": 10,
      },
      "start": {
        "_bufferIndex": -1,
        "_index": 1,
        "column": 11,
        "line": 1,
        "offset": 10,
      },
      "type": "eoc",
    },
  ],
]
`;

exports[`unit:tokenize/tokenize > should return list of events ("*.mts") 1`] = `
[
  [
    "enter",
    {
      "end": {
        "_bufferIndex": 1,
        "_index": 0,
        "column": 2,
        "line": 1,
        "offset": 1,
      },
      "globstar": false,
      "start": {
        "_bufferIndex": 0,
        "_index": 0,
        "column": 1,
        "line": 1,
        "offset": 0,
      },
      "type": "asterisk",
      "value": "*",
    },
  ],
  [
    "exit",
    {
      "end": {
        "_bufferIndex": 1,
        "_index": 0,
        "column": 2,
        "line": 1,
        "offset": 1,
      },
      "globstar": false,
      "start": {
        "_bufferIndex": 0,
        "_index": 0,
        "column": 1,
        "line": 1,
        "offset": 0,
      },
      "type": "asterisk",
      "value": "*",
    },
  ],
  [
    "enter",
    {
      "end": {
        "_bufferIndex": -1,
        "_index": 1,
        "column": 6,
        "line": 1,
        "offset": 5,
      },
      "start": {
        "_bufferIndex": 1,
        "_index": 0,
        "column": 2,
        "line": 1,
        "offset": 1,
      },
      "type": "literal",
      "value": ".mts",
    },
  ],
  [
    "exit",
    {
      "end": {
        "_bufferIndex": -1,
        "_index": 1,
        "column": 6,
        "line": 1,
        "offset": 5,
      },
      "start": {
        "_bufferIndex": 1,
        "_index": 0,
        "column": 2,
        "line": 1,
        "offset": 1,
      },
      "type": "literal",
      "value": ".mts",
    },
  ],
  [
    "enter",
    {
      "end": {
        "_bufferIndex": -1,
        "_index": 2,
        "column": 6,
        "line": 1,
        "offset": 5,
      },
      "start": {
        "_bufferIndex": -1,
        "_index": 1,
        "column": 6,
        "line": 1,
        "offset": 5,
      },
      "type": "eoc",
    },
  ],
  [
    "exit",
    {
      "end": {
        "_bufferIndex": -1,
        "_index": 2,
        "column": 6,
        "line": 1,
        "offset": 5,
      },
      "start": {
        "_bufferIndex": -1,
        "_index": 1,
        "column": 6,
        "line": 1,
        "offset": 5,
      },
      "type": "eoc",
    },
  ],
]
`;

exports[`unit:tokenize/tokenize > should return list of events (".mts") 1`] = `
[
  [
    "enter",
    {
      "end": {
        "_bufferIndex": -1,
        "_index": 1,
        "column": 5,
        "line": 1,
        "offset": 4,
      },
      "start": {
        "_bufferIndex": 0,
        "_index": 0,
        "column": 1,
        "line": 1,
        "offset": 0,
      },
      "type": "literal",
      "value": ".mts",
    },
  ],
  [
    "exit",
    {
      "end": {
        "_bufferIndex": -1,
        "_index": 1,
        "column": 5,
        "line": 1,
        "offset": 4,
      },
      "start": {
        "_bufferIndex": 0,
        "_index": 0,
        "column": 1,
        "line": 1,
        "offset": 0,
      },
      "type": "literal",
      "value": ".mts",
    },
  ],
  [
    "enter",
    {
      "end": {
        "_bufferIndex": -1,
        "_index": 2,
        "column": 5,
        "line": 1,
        "offset": 4,
      },
      "start": {
        "_bufferIndex": -1,
        "_index": 1,
        "column": 5,
        "line": 1,
        "offset": 4,
      },
      "type": "eoc",
    },
  ],
  [
    "exit",
    {
      "end": {
        "_bufferIndex": -1,
        "_index": 2,
        "column": 5,
        "line": 1,
        "offset": 4,
      },
      "start": {
        "_bufferIndex": -1,
        "_index": 1,
        "column": 5,
        "line": 1,
        "offset": 4,
      },
      "type": "eoc",
    },
  ],
]
`;

exports[`unit:tokenize/tokenize > should return list of events ("?") 1`] = `
[
  [
    "enter",
    {
      "end": {
        "_bufferIndex": -1,
        "_index": 1,
        "column": 2,
        "line": 1,
        "offset": 1,
      },
      "start": {
        "_bufferIndex": 0,
        "_index": 0,
        "column": 1,
        "line": 1,
        "offset": 0,
      },
      "type": "questionMark",
      "value": "?",
    },
  ],
  [
    "exit",
    {
      "end": {
        "_bufferIndex": -1,
        "_index": 1,
        "column": 2,
        "line": 1,
        "offset": 1,
      },
      "start": {
        "_bufferIndex": 0,
        "_index": 0,
        "column": 1,
        "line": 1,
        "offset": 0,
      },
      "type": "questionMark",
      "value": "?",
    },
  ],
  [
    "enter",
    {
      "end": {
        "_bufferIndex": -1,
        "_index": 2,
        "column": 2,
        "line": 1,
        "offset": 1,
      },
      "start": {
        "_bufferIndex": -1,
        "_index": 1,
        "column": 2,
        "line": 1,
        "offset": 1,
      },
      "type": "eoc",
    },
  ],
  [
    "exit",
    {
      "end": {
        "_bufferIndex": -1,
        "_index": 2,
        "column": 2,
        "line": 1,
        "offset": 1,
      },
      "start": {
        "_bufferIndex": -1,
        "_index": 1,
        "column": 2,
        "line": 1,
        "offset": 1,
      },
      "type": "eoc",
    },
  ],
]
`;

exports[`unit:tokenize/tokenize > should return list of events ("???") 1`] = `
[
  [
    "enter",
    {
      "end": {
        "_bufferIndex": 1,
        "_index": 0,
        "column": 2,
        "line": 1,
        "offset": 1,
      },
      "start": {
        "_bufferIndex": 0,
        "_index": 0,
        "column": 1,
        "line": 1,
        "offset": 0,
      },
      "type": "questionMark",
      "value": "?",
    },
  ],
  [
    "exit",
    {
      "end": {
        "_bufferIndex": 1,
        "_index": 0,
        "column": 2,
        "line": 1,
        "offset": 1,
      },
      "start": {
        "_bufferIndex": 0,
        "_index": 0,
        "column": 1,
        "line": 1,
        "offset": 0,
      },
      "type": "questionMark",
      "value": "?",
    },
  ],
  [
    "enter",
    {
      "end": {
        "_bufferIndex": 2,
        "_index": 0,
        "column": 3,
        "line": 1,
        "offset": 2,
      },
      "start": {
        "_bufferIndex": 1,
        "_index": 0,
        "column": 2,
        "line": 1,
        "offset": 1,
      },
      "type": "questionMark",
      "value": "?",
    },
  ],
  [
    "exit",
    {
      "end": {
        "_bufferIndex": 2,
        "_index": 0,
        "column": 3,
        "line": 1,
        "offset": 2,
      },
      "start": {
        "_bufferIndex": 1,
        "_index": 0,
        "column": 2,
        "line": 1,
        "offset": 1,
      },
      "type": "questionMark",
      "value": "?",
    },
  ],
  [
    "enter",
    {
      "end": {
        "_bufferIndex": -1,
        "_index": 1,
        "column": 4,
        "line": 1,
        "offset": 3,
      },
      "start": {
        "_bufferIndex": 2,
        "_index": 0,
        "column": 3,
        "line": 1,
        "offset": 2,
      },
      "type": "questionMark",
      "value": "?",
    },
  ],
  [
    "exit",
    {
      "end": {
        "_bufferIndex": -1,
        "_index": 1,
        "column": 4,
        "line": 1,
        "offset": 3,
      },
      "start": {
        "_bufferIndex": 2,
        "_index": 0,
        "column": 3,
        "line": 1,
        "offset": 2,
      },
      "type": "questionMark",
      "value": "?",
    },
  ],
  [
    "enter",
    {
      "end": {
        "_bufferIndex": -1,
        "_index": 2,
        "column": 4,
        "line": 1,
        "offset": 3,
      },
      "start": {
        "_bufferIndex": -1,
        "_index": 1,
        "column": 4,
        "line": 1,
        "offset": 3,
      },
      "type": "eoc",
    },
  ],
  [
    "exit",
    {
      "end": {
        "_bufferIndex": -1,
        "_index": 2,
        "column": 4,
        "line": 1,
        "offset": 3,
      },
      "start": {
        "_bufferIndex": -1,
        "_index": 1,
        "column": 4,
        "line": 1,
        "offset": 3,
      },
      "type": "eoc",
    },
  ],
]
`;

exports[`unit:tokenize/tokenize > should return list of events ("a/{b..s}/xyz/*-{01..10}.mts") 1`] = `
[
  [
    "enter",
    {
      "end": {
        "_bufferIndex": -1,
        "_index": 1,
        "column": 2,
        "line": 1,
        "offset": 1,
      },
      "start": {
        "_bufferIndex": 0,
        "_index": 0,
        "column": 1,
        "line": 1,
        "offset": 0,
      },
      "type": "literal",
      "value": "a",
    },
  ],
  [
    "exit",
    {
      "end": {
        "_bufferIndex": -1,
        "_index": 1,
        "column": 2,
        "line": 1,
        "offset": 1,
      },
      "start": {
        "_bufferIndex": 0,
        "_index": 0,
        "column": 1,
        "line": 1,
        "offset": 0,
      },
      "type": "literal",
      "value": "a",
    },
  ],
  [
    "enter",
    {
      "end": {
        "_bufferIndex": 2,
        "_index": 0,
        "column": 3,
        "line": 1,
        "offset": 2,
      },
      "start": {
        "_bufferIndex": 1,
        "_index": 0,
        "column": 2,
        "line": 1,
        "offset": 1,
      },
      "type": "separator",
      "value": "/",
    },
  ],
  [
    "exit",
    {
      "end": {
        "_bufferIndex": 2,
        "_index": 0,
        "column": 3,
        "line": 1,
        "offset": 2,
      },
      "start": {
        "_bufferIndex": 1,
        "_index": 0,
        "column": 2,
        "line": 1,
        "offset": 1,
      },
      "type": "separator",
      "value": "/",
    },
  ],
  [
    "enter",
    {
      "end": {
        "_bufferIndex": -1,
        "_index": 1,
        "column": 9,
        "line": 1,
        "offset": 8,
      },
      "start": {
        "_bufferIndex": 0,
        "_index": 0,
        "column": 3,
        "line": 1,
        "offset": 2,
      },
      "type": "literal",
      "value": "{b..s}",
    },
  ],
  [
    "exit",
    {
      "end": {
        "_bufferIndex": -1,
        "_index": 1,
        "column": 9,
        "line": 1,
        "offset": 8,
      },
      "start": {
        "_bufferIndex": 0,
        "_index": 0,
        "column": 3,
        "line": 1,
        "offset": 2,
      },
      "type": "literal",
      "value": "{b..s}",
    },
  ],
  [
    "enter",
    {
      "end": {
        "_bufferIndex": 9,
        "_index": 0,
        "column": 10,
        "line": 1,
        "offset": 9,
      },
      "start": {
        "_bufferIndex": 8,
        "_index": 0,
        "column": 9,
        "line": 1,
        "offset": 8,
      },
      "type": "separator",
      "value": "/",
    },
  ],
  [
    "exit",
    {
      "end": {
        "_bufferIndex": 9,
        "_index": 0,
        "column": 10,
        "line": 1,
        "offset": 9,
      },
      "start": {
        "_bufferIndex": 8,
        "_index": 0,
        "column": 9,
        "line": 1,
        "offset": 8,
      },
      "type": "separator",
      "value": "/",
    },
  ],
  [
    "enter",
    {
      "end": {
        "_bufferIndex": -1,
        "_index": 1,
        "column": 13,
        "line": 1,
        "offset": 12,
      },
      "start": {
        "_bufferIndex": 0,
        "_index": 0,
        "column": 10,
        "line": 1,
        "offset": 9,
      },
      "type": "literal",
      "value": "xyz",
    },
  ],
  [
    "exit",
    {
      "end": {
        "_bufferIndex": -1,
        "_index": 1,
        "column": 13,
        "line": 1,
        "offset": 12,
      },
      "start": {
        "_bufferIndex": 0,
        "_index": 0,
        "column": 10,
        "line": 1,
        "offset": 9,
      },
      "type": "literal",
      "value": "xyz",
    },
  ],
  [
    "enter",
    {
      "end": {
        "_bufferIndex": 13,
        "_index": 0,
        "column": 14,
        "line": 1,
        "offset": 13,
      },
      "start": {
        "_bufferIndex": 12,
        "_index": 0,
        "column": 13,
        "line": 1,
        "offset": 12,
      },
      "type": "separator",
      "value": "/",
    },
  ],
  [
    "exit",
    {
      "end": {
        "_bufferIndex": 13,
        "_index": 0,
        "column": 14,
        "line": 1,
        "offset": 13,
      },
      "start": {
        "_bufferIndex": 12,
        "_index": 0,
        "column": 13,
        "line": 1,
        "offset": 12,
      },
      "type": "separator",
      "value": "/",
    },
  ],
  [
    "enter",
    {
      "end": {
        "_bufferIndex": 1,
        "_index": 0,
        "column": 15,
        "line": 1,
        "offset": 14,
      },
      "globstar": false,
      "start": {
        "_bufferIndex": 0,
        "_index": 0,
        "column": 14,
        "line": 1,
        "offset": 13,
      },
      "type": "asterisk",
      "value": "*",
    },
  ],
  [
    "exit",
    {
      "end": {
        "_bufferIndex": 1,
        "_index": 0,
        "column": 15,
        "line": 1,
        "offset": 14,
      },
      "globstar": false,
      "start": {
        "_bufferIndex": 0,
        "_index": 0,
        "column": 14,
        "line": 1,
        "offset": 13,
      },
      "type": "asterisk",
      "value": "*",
    },
  ],
  [
    "enter",
    {
      "end": {
        "_bufferIndex": -1,
        "_index": 1,
        "column": 28,
        "line": 1,
        "offset": 27,
      },
      "start": {
        "_bufferIndex": 1,
        "_index": 0,
        "column": 15,
        "line": 1,
        "offset": 14,
      },
      "type": "literal",
      "value": "-{01..10}.mts",
    },
  ],
  [
    "exit",
    {
      "end": {
        "_bufferIndex": -1,
        "_index": 1,
        "column": 28,
        "line": 1,
        "offset": 27,
      },
      "start": {
        "_bufferIndex": 1,
        "_index": 0,
        "column": 15,
        "line": 1,
        "offset": 14,
      },
      "type": "literal",
      "value": "-{01..10}.mts",
    },
  ],
  [
    "enter",
    {
      "end": {
        "_bufferIndex": -1,
        "_index": 2,
        "column": 28,
        "line": 1,
        "offset": 27,
      },
      "start": {
        "_bufferIndex": -1,
        "_index": 1,
        "column": 28,
        "line": 1,
        "offset": 27,
      },
      "type": "eoc",
    },
  ],
  [
    "exit",
    {
      "end": {
        "_bufferIndex": -1,
        "_index": 2,
        "column": 28,
        "line": 1,
        "offset": 27,
      },
      "start": {
        "_bufferIndex": -1,
        "_index": 1,
        "column": 28,
        "line": 1,
        "offset": 27,
      },
      "type": "eoc",
    },
  ],
]
`;

exports[`unit:tokenize/tokenize > should return list of events ("a/b/c{d,e{f,g}}/*.mts") 1`] = `
[
  [
    "enter",
    {
      "end": {
        "_bufferIndex": -1,
        "_index": 1,
        "column": 2,
        "line": 1,
        "offset": 1,
      },
      "start": {
        "_bufferIndex": 0,
        "_index": 0,
        "column": 1,
        "line": 1,
        "offset": 0,
      },
      "type": "literal",
      "value": "a",
    },
  ],
  [
    "exit",
    {
      "end": {
        "_bufferIndex": -1,
        "_index": 1,
        "column": 2,
        "line": 1,
        "offset": 1,
      },
      "start": {
        "_bufferIndex": 0,
        "_index": 0,
        "column": 1,
        "line": 1,
        "offset": 0,
      },
      "type": "literal",
      "value": "a",
    },
  ],
  [
    "enter",
    {
      "end": {
        "_bufferIndex": 2,
        "_index": 0,
        "column": 3,
        "line": 1,
        "offset": 2,
      },
      "start": {
        "_bufferIndex": 1,
        "_index": 0,
        "column": 2,
        "line": 1,
        "offset": 1,
      },
      "type": "separator",
      "value": "/",
    },
  ],
  [
    "exit",
    {
      "end": {
        "_bufferIndex": 2,
        "_index": 0,
        "column": 3,
        "line": 1,
        "offset": 2,
      },
      "start": {
        "_bufferIndex": 1,
        "_index": 0,
        "column": 2,
        "line": 1,
        "offset": 1,
      },
      "type": "separator",
      "value": "/",
    },
  ],
  [
    "enter",
    {
      "end": {
        "_bufferIndex": -1,
        "_index": 1,
        "column": 4,
        "line": 1,
        "offset": 3,
      },
      "start": {
        "_bufferIndex": 0,
        "_index": 0,
        "column": 3,
        "line": 1,
        "offset": 2,
      },
      "type": "literal",
      "value": "b",
    },
  ],
  [
    "exit",
    {
      "end": {
        "_bufferIndex": -1,
        "_index": 1,
        "column": 4,
        "line": 1,
        "offset": 3,
      },
      "start": {
        "_bufferIndex": 0,
        "_index": 0,
        "column": 3,
        "line": 1,
        "offset": 2,
      },
      "type": "literal",
      "value": "b",
    },
  ],
  [
    "enter",
    {
      "end": {
        "_bufferIndex": 4,
        "_index": 0,
        "column": 5,
        "line": 1,
        "offset": 4,
      },
      "start": {
        "_bufferIndex": 3,
        "_index": 0,
        "column": 4,
        "line": 1,
        "offset": 3,
      },
      "type": "separator",
      "value": "/",
    },
  ],
  [
    "exit",
    {
      "end": {
        "_bufferIndex": 4,
        "_index": 0,
        "column": 5,
        "line": 1,
        "offset": 4,
      },
      "start": {
        "_bufferIndex": 3,
        "_index": 0,
        "column": 4,
        "line": 1,
        "offset": 3,
      },
      "type": "separator",
      "value": "/",
    },
  ],
  [
    "enter",
    {
      "end": {
        "_bufferIndex": -1,
        "_index": 1,
        "column": 16,
        "line": 1,
        "offset": 15,
      },
      "start": {
        "_bufferIndex": 0,
        "_index": 0,
        "column": 5,
        "line": 1,
        "offset": 4,
      },
      "type": "literal",
      "value": "c{d,e{f,g}}",
    },
  ],
  [
    "exit",
    {
      "end": {
        "_bufferIndex": -1,
        "_index": 1,
        "column": 16,
        "line": 1,
        "offset": 15,
      },
      "start": {
        "_bufferIndex": 0,
        "_index": 0,
        "column": 5,
        "line": 1,
        "offset": 4,
      },
      "type": "literal",
      "value": "c{d,e{f,g}}",
    },
  ],
  [
    "enter",
    {
      "end": {
        "_bufferIndex": 16,
        "_index": 0,
        "column": 17,
        "line": 1,
        "offset": 16,
      },
      "start": {
        "_bufferIndex": 15,
        "_index": 0,
        "column": 16,
        "line": 1,
        "offset": 15,
      },
      "type": "separator",
      "value": "/",
    },
  ],
  [
    "exit",
    {
      "end": {
        "_bufferIndex": 16,
        "_index": 0,
        "column": 17,
        "line": 1,
        "offset": 16,
      },
      "start": {
        "_bufferIndex": 15,
        "_index": 0,
        "column": 16,
        "line": 1,
        "offset": 15,
      },
      "type": "separator",
      "value": "/",
    },
  ],
  [
    "enter",
    {
      "end": {
        "_bufferIndex": 1,
        "_index": 0,
        "column": 18,
        "line": 1,
        "offset": 17,
      },
      "globstar": false,
      "start": {
        "_bufferIndex": 0,
        "_index": 0,
        "column": 17,
        "line": 1,
        "offset": 16,
      },
      "type": "asterisk",
      "value": "*",
    },
  ],
  [
    "exit",
    {
      "end": {
        "_bufferIndex": 1,
        "_index": 0,
        "column": 18,
        "line": 1,
        "offset": 17,
      },
      "globstar": false,
      "start": {
        "_bufferIndex": 0,
        "_index": 0,
        "column": 17,
        "line": 1,
        "offset": 16,
      },
      "type": "asterisk",
      "value": "*",
    },
  ],
  [
    "enter",
    {
      "end": {
        "_bufferIndex": -1,
        "_index": 1,
        "column": 22,
        "line": 1,
        "offset": 21,
      },
      "start": {
        "_bufferIndex": 1,
        "_index": 0,
        "column": 18,
        "line": 1,
        "offset": 17,
      },
      "type": "literal",
      "value": ".mts",
    },
  ],
  [
    "exit",
    {
      "end": {
        "_bufferIndex": -1,
        "_index": 1,
        "column": 22,
        "line": 1,
        "offset": 21,
      },
      "start": {
        "_bufferIndex": 1,
        "_index": 0,
        "column": 18,
        "line": 1,
        "offset": 17,
      },
      "type": "literal",
      "value": ".mts",
    },
  ],
  [
    "enter",
    {
      "end": {
        "_bufferIndex": -1,
        "_index": 2,
        "column": 22,
        "line": 1,
        "offset": 21,
      },
      "start": {
        "_bufferIndex": -1,
        "_index": 1,
        "column": 22,
        "line": 1,
        "offset": 21,
      },
      "type": "eoc",
    },
  ],
  [
    "exit",
    {
      "end": {
        "_bufferIndex": -1,
        "_index": 2,
        "column": 22,
        "line": 1,
        "offset": 21,
      },
      "start": {
        "_bufferIndex": -1,
        "_index": 1,
        "column": 22,
        "line": 1,
        "offset": 21,
      },
      "type": "eoc",
    },
  ],
]
`;

exports[`unit:tokenize/tokenize > should return list of events ("src/**index.[cm]ts") 1`] = `
[
  [
    "enter",
    {
      "end": {
        "_bufferIndex": -1,
        "_index": 1,
        "column": 4,
        "line": 1,
        "offset": 3,
      },
      "start": {
        "_bufferIndex": 0,
        "_index": 0,
        "column": 1,
        "line": 1,
        "offset": 0,
      },
      "type": "literal",
      "value": "src",
    },
  ],
  [
    "exit",
    {
      "end": {
        "_bufferIndex": -1,
        "_index": 1,
        "column": 4,
        "line": 1,
        "offset": 3,
      },
      "start": {
        "_bufferIndex": 0,
        "_index": 0,
        "column": 1,
        "line": 1,
        "offset": 0,
      },
      "type": "literal",
      "value": "src",
    },
  ],
  [
    "enter",
    {
      "end": {
        "_bufferIndex": 4,
        "_index": 0,
        "column": 5,
        "line": 1,
        "offset": 4,
      },
      "start": {
        "_bufferIndex": 3,
        "_index": 0,
        "column": 4,
        "line": 1,
        "offset": 3,
      },
      "type": "separator",
      "value": "/",
    },
  ],
  [
    "exit",
    {
      "end": {
        "_bufferIndex": 4,
        "_index": 0,
        "column": 5,
        "line": 1,
        "offset": 4,
      },
      "start": {
        "_bufferIndex": 3,
        "_index": 0,
        "column": 4,
        "line": 1,
        "offset": 3,
      },
      "type": "separator",
      "value": "/",
    },
  ],
  [
    "enter",
    {
      "end": {
        "_bufferIndex": 2,
        "_index": 0,
        "column": 7,
        "line": 1,
        "offset": 6,
      },
      "globstar": true,
      "start": {
        "_bufferIndex": 0,
        "_index": 0,
        "column": 5,
        "line": 1,
        "offset": 4,
      },
      "type": "asterisk",
      "value": "**",
    },
  ],
  [
    "exit",
    {
      "end": {
        "_bufferIndex": 2,
        "_index": 0,
        "column": 7,
        "line": 1,
        "offset": 6,
      },
      "globstar": true,
      "start": {
        "_bufferIndex": 0,
        "_index": 0,
        "column": 5,
        "line": 1,
        "offset": 4,
      },
      "type": "asterisk",
      "value": "**",
    },
  ],
  [
    "enter",
    {
      "end": {
        "_bufferIndex": -1,
        "_index": 1,
        "column": 19,
        "line": 1,
        "offset": 18,
      },
      "start": {
        "_bufferIndex": 2,
        "_index": 0,
        "column": 7,
        "line": 1,
        "offset": 6,
      },
      "type": "literal",
      "value": "index.[cm]ts",
    },
  ],
  [
    "exit",
    {
      "end": {
        "_bufferIndex": -1,
        "_index": 1,
        "column": 19,
        "line": 1,
        "offset": 18,
      },
      "start": {
        "_bufferIndex": 2,
        "_index": 0,
        "column": 7,
        "line": 1,
        "offset": 6,
      },
      "type": "literal",
      "value": "index.[cm]ts",
    },
  ],
  [
    "enter",
    {
      "end": {
        "_bufferIndex": -1,
        "_index": 2,
        "column": 19,
        "line": 1,
        "offset": 18,
      },
      "start": {
        "_bufferIndex": -1,
        "_index": 1,
        "column": 19,
        "line": 1,
        "offset": 18,
      },
      "type": "eoc",
    },
  ],
  [
    "exit",
    {
      "end": {
        "_bufferIndex": -1,
        "_index": 2,
        "column": 19,
        "line": 1,
        "offset": 18,
      },
      "start": {
        "_bufferIndex": -1,
        "_index": 1,
        "column": 19,
        "line": 1,
        "offset": 18,
      },
      "type": "eoc",
    },
  ],
]
`;

exports[`unit:tokenize/tokenize > should return list of events (null) 1`] = `
[
  [
    "enter",
    {
      "end": {
        "_bufferIndex": -1,
        "_index": 1,
        "column": 1,
        "line": 1,
        "offset": 0,
      },
      "start": {
        "_bufferIndex": -1,
        "_index": 0,
        "column": 1,
        "line": 1,
        "offset": 0,
      },
      "type": "eoc",
    },
  ],
  [
    "exit",
    {
      "end": {
        "_bufferIndex": -1,
        "_index": 1,
        "column": 1,
        "line": 1,
        "offset": 0,
      },
      "start": {
        "_bufferIndex": -1,
        "_index": 0,
        "column": 1,
        "line": 1,
        "offset": 0,
      },
      "type": "eoc",
    },
  ],
]
`;
